Archive member included to satisfy reference by file (symbol)

/usr/lib/gcc/arm-none-eabi/13.2.1/../../../arm-none-eabi/lib/thumb/v8-m.main+fp/softfp/libm.a(libm_a-wf_sqrt.o)
                              CMakeFiles/blink.dir/home/dev/ws/pico-sdk/src/rp2_common/pico_float/float_math.c.o (sqrtf)
/usr/lib/gcc/arm-none-eabi/13.2.1/../../../arm-none-eabi/lib/thumb/v8-m.main+fp/softfp/libm.a(libm_a-ef_sqrt.o)
                              /usr/lib/gcc/arm-none-eabi/13.2.1/../../../arm-none-eabi/lib/thumb/v8-m.main+fp/softfp/libm.a(libm_a-wf_sqrt.o) (__ieee754_sqrtf)
/usr/lib/gcc/arm-none-eabi/13.2.1/thumb/v8-m.main+fp/softfp/libgcc.a(_arm_addsubdf3.o)
                              CMakeFiles/blink.dir/home/dev/ws/pico-sdk/src/rp2_common/pico_float/float_math.c.o (__aeabi_f2d)
/usr/lib/gcc/arm-none-eabi/13.2.1/thumb/v8-m.main+fp/softfp/libgcc.a(_aeabi_ldivmod.o)
                              CMakeFiles/blink.dir/home/dev/ws/pico-sdk/src/common/pico_time/time.c.o (__aeabi_ldivmod)
/usr/lib/gcc/arm-none-eabi/13.2.1/thumb/v8-m.main+fp/softfp/libgcc.a(_aeabi_uldivmod.o)
                              CMakeFiles/blink.dir/home/dev/ws/pico-sdk/src/rp2_common/hardware_clocks/clocks.c.o (__aeabi_uldivmod)
/usr/lib/gcc/arm-none-eabi/13.2.1/thumb/v8-m.main+fp/softfp/libgcc.a(_udivmoddi4.o)
                              /usr/lib/gcc/arm-none-eabi/13.2.1/thumb/v8-m.main+fp/softfp/libgcc.a(_aeabi_ldivmod.o) (__udivmoddi4)
/usr/lib/gcc/arm-none-eabi/13.2.1/thumb/v8-m.main+fp/softfp/libgcc.a(_dvmd_tls.o)
                              /usr/lib/gcc/arm-none-eabi/13.2.1/thumb/v8-m.main+fp/softfp/libgcc.a(_aeabi_ldivmod.o) (__aeabi_ldiv0)
/usr/lib/gcc/arm-none-eabi/13.2.1/../../../arm-none-eabi/lib/thumb/v8-m.main+fp/softfp/libg.a(libc_a-memset.o)
                              /usr/lib/gcc/arm-none-eabi/13.2.1/../../../arm-none-eabi/lib/thumb/v8-m.main+fp/softfp/crt0.o (memset)
/usr/lib/gcc/arm-none-eabi/13.2.1/../../../arm-none-eabi/lib/thumb/v8-m.main+fp/softfp/libg.a(libc_a-strncmp.o)
                              CMakeFiles/blink.dir/home/dev/ws/pico-sdk/lib/cyw43-driver/src/cyw43_ll.c.o (strncmp)
/usr/lib/gcc/arm-none-eabi/13.2.1/../../../arm-none-eabi/lib/thumb/v8-m.main+fp/softfp/libg.a(libc_a-memmove.o)
                              CMakeFiles/blink.dir/home/dev/ws/pico-sdk/lib/cyw43-driver/src/cyw43_ll.c.o (memmove)
/usr/lib/gcc/arm-none-eabi/13.2.1/../../../arm-none-eabi/lib/thumb/v8-m.main+fp/softfp/libg.a(libc_a-calloc.o)
                              CMakeFiles/blink.dir/home/dev/ws/pico-sdk/src/rp2_common/pico_malloc/malloc.c.o (calloc)
/usr/lib/gcc/arm-none-eabi/13.2.1/../../../arm-none-eabi/lib/thumb/v8-m.main+fp/softfp/libg.a(libc_a-errno.o)
                              /usr/lib/gcc/arm-none-eabi/13.2.1/../../../arm-none-eabi/lib/thumb/v8-m.main+fp/softfp/libm.a(libm_a-wf_sqrt.o) (__errno)
/usr/lib/gcc/arm-none-eabi/13.2.1/../../../arm-none-eabi/lib/thumb/v8-m.main+fp/softfp/libg.a(libc_a-impure.o)
                              /usr/lib/gcc/arm-none-eabi/13.2.1/../../../arm-none-eabi/lib/thumb/v8-m.main+fp/softfp/libg.a(libc_a-calloc.o) (_impure_ptr)
/usr/lib/gcc/arm-none-eabi/13.2.1/../../../arm-none-eabi/lib/thumb/v8-m.main+fp/softfp/libg.a(libc_a-callocr.o)
                              /usr/lib/gcc/arm-none-eabi/13.2.1/../../../arm-none-eabi/lib/thumb/v8-m.main+fp/softfp/libg.a(libc_a-calloc.o) (_calloc_r)
/usr/lib/gcc/arm-none-eabi/13.2.1/../../../arm-none-eabi/lib/thumb/v8-m.main+fp/softfp/libg.a(libc_a-realloc.o)
                              CMakeFiles/blink.dir/home/dev/ws/pico-sdk/src/rp2_common/pico_malloc/malloc.c.o (realloc)
/usr/lib/gcc/arm-none-eabi/13.2.1/../../../arm-none-eabi/lib/thumb/v8-m.main+fp/softfp/libg.a(libc_a-mallocr.o)
                              /usr/lib/gcc/arm-none-eabi/13.2.1/../../../arm-none-eabi/lib/thumb/v8-m.main+fp/softfp/libg.a(libc_a-callocr.o) (_malloc_r)
/usr/lib/gcc/arm-none-eabi/13.2.1/../../../arm-none-eabi/lib/thumb/v8-m.main+fp/softfp/libg.a(libc_a-freer.o)
                              /usr/lib/gcc/arm-none-eabi/13.2.1/../../../arm-none-eabi/lib/thumb/v8-m.main+fp/softfp/libg.a(libc_a-mallocr.o) (_free_r)
/usr/lib/gcc/arm-none-eabi/13.2.1/../../../arm-none-eabi/lib/thumb/v8-m.main+fp/softfp/libg.a(libc_a-memcmp.o)
                              CMakeFiles/blink.dir/home/dev/ws/pico-sdk/src/rp2_common/pico_atomic/atomic.c.o (memcmp)
/usr/lib/gcc/arm-none-eabi/13.2.1/../../../arm-none-eabi/lib/thumb/v8-m.main+fp/softfp/libg.a(libc_a-malloc.o)
                              CMakeFiles/blink.dir/home/dev/ws/pico-sdk/src/rp2_common/pico_malloc/malloc.c.o (malloc)
/usr/lib/gcc/arm-none-eabi/13.2.1/../../../arm-none-eabi/lib/thumb/v8-m.main+fp/softfp/libg.a(libc_a-memcpy.o)
                              CMakeFiles/blink.dir/home/dev/ws/pico-sdk/src/common/pico_util/queue.c.o (memcpy)
/usr/lib/gcc/arm-none-eabi/13.2.1/../../../arm-none-eabi/lib/thumb/v8-m.main+fp/softfp/libg.a(libc_a-sysconf.o)
[...]
Memory Configuration

Name             Origin             Length             Attributes
FLASH            0x10000000         0x00400000         xr
RAM              0x20000000         0x00080000         xrw
SCRATCH_X        0x20080000         0x00001000         xrw
SCRATCH_Y        0x20081000         0x00001000         xrw
*default*        0x00000000         0xffffffff

Linker script and memory map

LOAD /usr/lib/gcc/arm-none-eabi/13.2.1/thumb/v8-m.main+fp/softfp/crti.o
LOAD /usr/lib/gcc/arm-none-eabi/13.2.1/thumb/v8-m.main+fp/softfp/crtbegin.o
LOAD /usr/lib/gcc/arm-none-eabi/13.2.1/../../../arm-none-eabi/lib/thumb/v8-m.main+fp/softfp/crt0.o

.flash_begin    0x10000000        0x0
                0x10000000                        __flash_binary_start = .

.text           0x10000000     0x72a4
                0x10000000                        __logical_binary_start = .
 *(.vectors)
 .vectors       0x10000000      0x124 CMakeFiles/blink.dir/home/dev/ws/pico-sdk/src/rp2_common/pico_crt0/crt0.S.o
                0x10000000                __vectors
                0x10000000                __VECTOR_TABLE
                0x10000110                isr_securefault
                0x10000110                isr_irq30
                0x10000110                __unhandled_user_irq
                0x10000110                isr_irq49
                0x10000110                isr_irq13
                0x10000110                isr_irq43
                0x10000110                isr_irq45
                0x10000110                isr_irq27
                0x10000110                isr_irq32
                0x10000110                isr_irq31
                0x10000110                isr_irq5
                0x10000110                isr_irq11
                0x10000110                isr_irq23
                0x10000110                isr_usagefault
                0x10000110                isr_irq48
                0x10000110                isr_irq35
                0x10000110                isr_irq18
                0x10000110                isr_irq50
                0x10000110                isr_irq40
                0x10000110                isr_irq28
                0x10000110                isr_irq19
                0x10000110                isr_irq36
                0x10000110                isr_irq41
                0x10000110                isr_irq0
                0x10000110                isr_irq6
                0x10000110                isr_memmanage
                0x10000110                isr_irq37
                0x10000110                isr_irq42
                0x10000110                isr_irq22
                0x10000110                isr_irq17
                0x10000110                isr_irq38
                0x10000110                isr_irq14
                0x10000110                __vectors_end
                0x10000110                __default_isrs_start
                0x10000110                isr_irq2
                0x10000110                isr_irq10
                0x10000110                isr_irq8
                0x10000110                isr_debugmonitor
                0x10000110                isr_irq24
                0x10000110                isr_irq46
                0x10000110                isr_irq1
                0x10000110                isr_irq47
                0x10000110                isr_irq51
                0x10000110                isr_irq7
                0x10000110                isr_irq21
                0x10000110                isr_irq39
                0x10000110                isr_irq20
                0x10000110                isr_irq15
                0x10000110                isr_irq25
                0x10000110                isr_irq34
                0x10000110                isr_irq4
                0x10000110                isr_busfault
                0x10000110                isr_irq16
                0x10000110                isr_irq44
                0x10000110                isr_irq29
                0x10000110                isr_irq26
                0x10000110                isr_irq33
                0x10000110                isr_irq3
                0x10000110                isr_irq12
                0x10000110                isr_irq9
                0x10000116                unhandled_user_irq_num_in_r0
                0x10000118                isr_invalid
                0x1000011a                isr_nmi
                0x1000011c                isr_hardfault
                0x1000011e                isr_svcall
                0x10000120                isr_pendsv
                0x10000122                isr_systick
                0x10000124                __default_isrs_end
 *(.binary_info_header)
 .binary_info_header
                0x10000124       0x14 CMakeFiles/blink.dir/home/dev/ws/pico-sdk/src/rp2_common/pico_crt0/crt0.S.o
                0x10000138                        __binary_info_header_end = .
 *(.embedded_block)
 .embedded_block
                0x10000138       0x14 CMakeFiles/blink.dir/home/dev/ws/pico-sdk/src/rp2_common/pico_crt0/crt0.S.o
                0x1000014c                        __embedded_block_end = .
 *(.reset)
 .reset         0x1000014c       0x98 CMakeFiles/blink.dir/home/dev/ws/pico-sdk/src/rp2_common/pico_crt0/crt0.S.o
                0x1000014c                _entry_point
 *(.init)
 .init          0x100001e4        0x4 /usr/lib/gcc/arm-none-eabi/13.2.1/thumb/v8-m.main+fp/softfp/crti.o
                0x100001e4                _init
 *libgcc.a:cmse_nonsecure_call.o()
 *(EXCLUDE_FILE(*libm.a: *libc.a:*lib_a-mem*.o *libgcc.a:) .text*)
 .text          0x100001e8       0x8c /usr/lib/gcc/arm-none-eabi/13.2.1/thumb/v8-m.main+fp/softfp/crtbegin.o
 .text.startup.main
                0x10000274       0x2c CMakeFiles/blink.dir/src/blink.c.o
                0x10000274                main
 .text.gpio_set_function
                0x100002a0       0x3c CMakeFiles/blink.dir/home/dev/ws/pico-sdk/src/rp2_common/hardware_gpio/gpio.c.o
                0x100002a0                gpio_set_function
 .text.gpio_set_pulls
                0x100002dc       0x28 CMakeFiles/blink.dir/home/dev/ws/pico-sdk/src/rp2_common/hardware_gpio/gpio.c.o
                0x100002dc                gpio_set_pulls
 .text.gpio_set_input_hysteresis_enabled
                0x10000304       0x20 CMakeFiles/blink.dir/home/dev/ws/pico-sdk/src/rp2_common/hardware_gpio/gpio.c.o
                0x10000304                gpio_set_input_hysteresis_enabled
 .text.gpio_set_irq_enabled
                0x10000324       0x50 CMakeFiles/blink.dir/home/dev/ws/pico-sdk/src/rp2_common/hardware_gpio/gpio.c.o
                0x10000324                gpio_set_irq_enabled
 .text.gpio_add_raw_irq_handler_with_order_priority_masked
                0x10000374       0x44 CMakeFiles/blink.dir/home/dev/ws/pico-sdk/src/rp2_common/hardware_gpio/gpio.c.o
                0x10000374                gpio_add_raw_irq_handler_with_order_priority_masked
 .text.gpio_remove_raw_irq_handler_masked
                0x100003b8       0x24 CMakeFiles/blink.dir/home/dev/ws/pico-sdk/src/rp2_common/hardware_gpio/gpio.c.o
                0x100003b8                gpio_remove_raw_irq_handler_masked
 .text.gpio_init
                0x100003dc       0x48 CMakeFiles/blink.dir/home/dev/ws/pico-sdk/src/rp2_common/hardware_gpio/gpio.c.o
                0x100003dc                gpio_init
 .text.panic    0x10000424       0x30 CMakeFiles/blink.dir/home/dev/ws/pico-sdk/src/rp2_common/pico_platform_panic/panic.c.o
                0x10000424                panic
 .text.hw_claim_lock
                0x10000454       0x24 CMakeFiles/blink.dir/home/dev/ws/pico-sdk/src/common/hardware_claim/claim.c.o
                0x10000454                hw_claim_lock
 .text.hw_claim_unlock
                0x10000478       0x14 CMakeFiles/blink.dir/home/dev/ws/pico-sdk/src/common/hardware_claim/claim.c.o
                0x10000478                hw_claim_unlock
 .text.hw_claim_or_assert
                0x1000048c       0x58 CMakeFiles/blink.dir/home/dev/ws/pico-sdk/src/common/hardware_claim/claim.c.o
                0x1000048c                hw_claim_or_assert
 .text.hw_claim_unused_from_range
                0x100004e4       0x9c CMakeFiles/blink.dir/home/dev/ws/pico-sdk/src/common/hardware_claim/claim.c.o
                0x100004e4                hw_claim_unused_from_range
 .text.hw_claim_clear
                0x10000580       0x50 CMakeFiles/blink.dir/home/dev/ws/pico-sdk/src/common/hardware_claim/claim.c.o
                0x10000580                hw_claim_clear
 .text.next_striped_spin_lock_num
                0x100005d0       0x18 CMakeFiles/blink.dir/home/dev/ws/pico-sdk/src/rp2_common/hardware_sync/sync.c.o
                0x100005d0                next_striped_spin_lock_num
 .text.spinlock_set_extexclall
                0x100005e8       0x10 CMakeFiles/blink.dir/home/dev/ws/pico-sdk/src/rp2_common/hardware_sync_spin_lock/sync_spin_lock.c.o
 .text.spin_locks_reset
                0x100005f8       0x18 CMakeFiles/blink.dir/home/dev/ws/pico-sdk/src/rp2_common/hardware_sync_spin_lock/sync_spin_lock.c.o
                0x100005f8                spin_locks_reset
 .text.runtime_init_per_core_irq_priorities
                0x10000610       0x40 CMakeFiles/blink.dir/home/dev/ws/pico-sdk/src/rp2_common/hardware_irq/irq.c.o
                0x10000610                runtime_init_per_core_irq_priorities
 .text.irq_set_enabled
                0x10000650       0x2c CMakeFiles/blink.dir/home/dev/ws/pico-sdk/src/rp2_common/hardware_irq/irq.c.o
                0x10000650                irq_set_enabled
 .text.irq_set_pending
                0x1000067c       0x18 CMakeFiles/blink.dir/home/dev/ws/pico-sdk/src/rp2_common/hardware_irq/irq.c.o
                0x1000067c                irq_set_pending
 .text.irq_set_exclusive_handler
                0x10000694       0x60 CMakeFiles/blink.dir/home/dev/ws/pico-sdk/src/rp2_common/hardware_irq/irq.c.o
                0x10000694                irq_set_exclusive_handler
 .text.irq_add_shared_handler
                0x100006f4      0x1e8 CMakeFiles/blink.dir/home/dev/ws/pico-sdk/src/rp2_common/hardware_irq/irq.c.o
                0x100006f4                irq_add_shared_handler
 .text.irq_remove_handler
                0x100008dc      0x1fc CMakeFiles/blink.dir/home/dev/ws/pico-sdk/src/rp2_common/hardware_irq/irq.c.o
                0x100008dc                irq_remove_handler
 .text.irq_set_priority
                0x10000ad8       0x28 CMakeFiles/blink.dir/home/dev/ws/pico-sdk/src/rp2_common/hardware_irq/irq.c.o
                0x10000ad8                irq_set_priority
 .text.irq_add_tail_to_free_list
                0x10000b00       0xbc CMakeFiles/blink.dir/home/dev/ws/pico-sdk/src/rp2_common/hardware_irq/irq.c.o
                0x10000b00                irq_add_tail_to_free_list
 .text.user_irq_unclaim
                0x10000bbc       0x10 CMakeFiles/blink.dir/home/dev/ws/pico-sdk/src/rp2_common/hardware_irq/irq.c.o
                0x10000bbc                user_irq_unclaim
 .text.user_irq_claim_unused
                0x10000bcc       0x28 CMakeFiles/blink.dir/home/dev/ws/pico-sdk/src/rp2_common/hardware_irq/irq.c.o
                0x10000bcc                user_irq_claim_unused
 .text.sem_init
                0x10000bf4       0x20 CMakeFiles/blink.dir/home/dev/ws/pico-sdk/src/common/pico_sync/sem.c.o
                0x10000bf4                sem_init
 .text.lock_init
                0x10000c14        0xc CMakeFiles/blink.dir/home/dev/ws/pico-sdk/src/common/pico_sync/lock_core.c.o
                0x10000c14                lock_init
 .text.runtime_init_mutex
                0x10000c20       0x4c CMakeFiles/blink.dir/home/dev/ws/pico-sdk/src/common/pico_sync/mutex.c.o
                0x10000c20                runtime_init_mutex
 .text.recursive_mutex_init
                0x10000c6c       0x1c CMakeFiles/blink.dir/home/dev/ws/pico-sdk/src/common/pico_sync/mutex.c.o
                0x10000c6c                recursive_mutex_init
 .text.sleep_until_callback
                0x10000c88       0x3c CMakeFiles/blink.dir/home/dev/ws/pico-sdk/src/common/pico_time/time.c.o
 *fill*         0x10000cc4        0x4 
 .text.alarm_pool_irq_handler
                0x10000cc8      0x2f0 CMakeFiles/blink.dir/home/dev/ws/pico-sdk/src/common/pico_time/time.c.o
 .text.runtime_init_default_alarm_pool
                0x10000fb8      0x100 CMakeFiles/blink.dir/home/dev/ws/pico-sdk/src/common/pico_time/time.c.o
                0x10000fb8                runtime_init_default_alarm_pool
 .text.alarm_pool_get_default
                0x100010b8        0x8 CMakeFiles/blink.dir/home/dev/ws/pico-sdk/src/common/pico_time/time.c.o
                0x100010b8                alarm_pool_get_default
 .text.alarm_pool_add_alarm_at
                0x100010c0       0xdc CMakeFiles/blink.dir/home/dev/ws/pico-sdk/src/common/pico_time/time.c.o
                0x100010c0                alarm_pool_add_alarm_at
 .text.alarm_pool_add_alarm_at_force_in_context
                0x1000119c       0xc8 CMakeFiles/blink.dir/home/dev/ws/pico-sdk/src/common/pico_time/time.c.o
                0x1000119c                alarm_pool_add_alarm_at_force_in_context
 .text.alarm_pool_cancel_alarm
                0x10001264       0x80 CMakeFiles/blink.dir/home/dev/ws/pico-sdk/src/common/pico_time/time.c.o
                0x10001264                alarm_pool_cancel_alarm
 .text.sleep_until
                0x100012e4       0xbc CMakeFiles/blink.dir/home/dev/ws/pico-sdk/src/common/pico_time/time.c.o
                0x100012e4                sleep_until
 .text.sleep_ms
                0x100013a0       0x2c CMakeFiles/blink.dir/home/dev/ws/pico-sdk/src/common/pico_time/time.c.o
                0x100013a0                sleep_ms
 .text.best_effort_wfe_or_timeout
                0x100013cc       0xbc CMakeFiles/blink.dir/home/dev/ws/pico-sdk/src/common/pico_time/time.c.o
                0x100013cc                best_effort_wfe_or_timeout
 .text.timer_hardware_alarm_claim
                0x10001488       0x24 CMakeFiles/blink.dir/home/dev/ws/pico-sdk/src/rp2_common/hardware_timer/timer.c.o
                0x10001488                timer_hardware_alarm_claim
 .text.timer_time_us_64
                0x100014ac       0x10 CMakeFiles/blink.dir/home/dev/ws/pico-sdk/src/rp2_common/hardware_timer/timer.c.o
                0x100014ac                timer_time_us_64
 .text.time_us_64
                0x100014bc       0x14 CMakeFiles/blink.dir/home/dev/ws/pico-sdk/src/rp2_common/hardware_timer/timer.c.o
                0x100014bc                time_us_64
 .text.busy_wait_until
                0x100014d0       0x24 CMakeFiles/blink.dir/home/dev/ws/pico-sdk/src/rp2_common/hardware_timer/timer.c.o
                0x100014d0                busy_wait_until
 .text.clock_configure_undivided
                0x100014f4       0xd0 CMakeFiles/blink.dir/home/dev/ws/pico-sdk/src/rp2_common/hardware_clocks/clocks.c.o
                0x100014f4                clock_configure_undivided
 .text.clock_get_hz
                0x100015c4        0xc CMakeFiles/blink.dir/home/dev/ws/pico-sdk/src/rp2_common/hardware_clocks/clocks.c.o
                0x100015c4                clock_get_hz
 .text.pll_init
                0x100015d0       0x8c CMakeFiles/blink.dir/home/dev/ws/pico-sdk/src/rp2_common/hardware_pll/pll.c.o
                0x100015d0                pll_init
 .text.tick_start
                0x1000165c       0x18 CMakeFiles/blink.dir/home/dev/ws/pico-sdk/src/rp2_common/hardware_ticks/ticks.c.o
                0x1000165c                tick_start
 .text.rom_func_lookup
                0x10001674       0x18 CMakeFiles/blink.dir/home/dev/ws/pico-sdk/src/rp2_common/pico_bootrom/bootrom.c.o
                0x10001674                rom_func_lookup
 .text.runtime_init_bootrom_locking_enable
                0x1000168c       0x14 CMakeFiles/blink.dir/home/dev/ws/pico-sdk/src/rp2_common/pico_bootrom/bootrom_lock.c.o
                0x1000168c                runtime_init_bootrom_locking_enable
 .text.runtime_init_boot_locks_reset
                0x100016a0       0x1c CMakeFiles/blink.dir/home/dev/ws/pico-sdk/src/rp2_common/hardware_boot_lock/boot_lock.c.o
                0x100016a0                runtime_init_boot_locks_reset
 .text.xosc_init
                0x100016bc       0x30 CMakeFiles/blink.dir/home/dev/ws/pico-sdk/src/rp2_common/hardware_xosc/xosc.c.o
                0x100016bc                xosc_init
 .text.first_per_core_initializer
                0x100016ec        0x4 CMakeFiles/blink.dir/home/dev/ws/pico-sdk/src/rp2_common/pico_runtime/runtime.c.o
 .text.hard_assertion_failure
                0x100016f0        0xc CMakeFiles/blink.dir/home/dev/ws/pico-sdk/src/rp2_common/pico_runtime/runtime.c.o
                0x100016f0                hard_assertion_failure
 .text.runtime_run_initializers
                0x100016fc       0x20 CMakeFiles/blink.dir/home/dev/ws/pico-sdk/src/rp2_common/pico_runtime/runtime.c.o
                0x100016fc                runtime_run_initializers
 .text.runtime_init_early_resets
                0x1000171c       0x34 CMakeFiles/blink.dir/home/dev/ws/pico-sdk/src/rp2_common/pico_runtime_init/runtime_init.c.o
                0x1000171c                runtime_init_early_resets
 .text.runtime_init_usb_power_down
                0x10001750       0x1c CMakeFiles/blink.dir/home/dev/ws/pico-sdk/src/rp2_common/pico_runtime_init/runtime_init.c.o
                0x10001750                runtime_init_usb_power_down
 .text.runtime_init_per_core_enable_coprocessors
                0x1000176c       0x1c CMakeFiles/blink.dir/home/dev/ws/pico-sdk/src/rp2_common/pico_runtime_init/runtime_init.c.o
                0x1000176c                runtime_init_per_core_enable_coprocessors
 .text.runtime_init_post_clock_resets
                0x10001788       0x20 CMakeFiles/blink.dir/home/dev/ws/pico-sdk/src/rp2_common/pico_runtime_init/runtime_init.c.o
                0x10001788                runtime_init_post_clock_resets
 .text.runtime_init_bootrom_reset
                0x100017a8       0x14 CMakeFiles/blink.dir/home/dev/ws/pico-sdk/src/rp2_common/pico_runtime_init/runtime_init.c.o
                0x100017a8                runtime_init_bootrom_reset
 .text.runtime_init_per_core_bootrom_reset
                0x100017bc       0x14 CMakeFiles/blink.dir/home/dev/ws/pico-sdk/src/rp2_common/pico_runtime_init/runtime_init.c.o
                0x100017bc                runtime_init_per_core_bootrom_reset
 .text.runtime_init_spin_locks_reset
                0x100017d0        0x4 CMakeFiles/blink.dir/home/dev/ws/pico-sdk/src/rp2_common/pico_runtime_init/runtime_init.c.o
                0x100017d0                runtime_init_spin_locks_reset
 .text.runtime_init_install_ram_vector_table
                0x100017d4       0x68 CMakeFiles/blink.dir/home/dev/ws/pico-sdk/src/rp2_common/pico_runtime_init/runtime_init.c.o
                0x100017d4                runtime_init_install_ram_vector_table
 .text.runtime_init_clocks
                0x1000183c       0xdc CMakeFiles/blink.dir/home/dev/ws/pico-sdk/src/rp2_common/pico_runtime_init/runtime_init_clocks.c.o
                0x1000183c                runtime_init_clocks
 .text.__rp2350_dcp_engaged_state_save_restore
                0x10001918       0x3a CMakeFiles/blink.dir/home/dev/ws/pico-sdk/src/rp2_common/pico_double/double_aeabi_dcp.S.o
 *fill*         0x10001952        0x2 
 .text.__wrap___aeabi_dadd
                0x10001954       0x28 CMakeFiles/blink.dir/home/dev/ws/pico-sdk/src/rp2_common/pico_double/double_aeabi_dcp.S.o
                0x1000195c                __wrap___aeabi_dadd
 .text.__wrap___aeabi_dsub
                0x1000197c       0x28 CMakeFiles/blink.dir/home/dev/ws/pico-sdk/src/rp2_common/pico_double/double_aeabi_dcp.S.o
                0x10001984                __wrap___aeabi_dsub
 .text.__wrap___aeabi_dmul
                0x100019a4       0x4c CMakeFiles/blink.dir/home/dev/ws/pico-sdk/src/rp2_common/pico_double/double_aeabi_dcp.S.o
                0x100019ac                __wrap___aeabi_dmul
 .text.__wrap___aeabi_ddiv
                0x100019f0       0x9c CMakeFiles/blink.dir/home/dev/ws/pico-sdk/src/rp2_common/pico_double/double_aeabi_dcp.S.o
                0x100019f8                __wrap___aeabi_ddiv
 .text.__wrap___aeabi_i2d
                0x10001a8c       0x24 CMakeFiles/blink.dir/home/dev/ws/pico-sdk/src/rp2_common/pico_double/double_aeabi_dcp.S.o
                0x10001a94                __wrap___aeabi_i2d
                0x10001a94                int2double
 .text.__wrap___aeabi_ui2d
                0x10001ab0       0x24 CMakeFiles/blink.dir/home/dev/ws/pico-sdk/src/rp2_common/pico_double/double_aeabi_dcp.S.o
                0x10001ab8                __wrap___aeabi_ui2d
                0x10001ab8                uint2double
 .text.__wrap___aeabi_d2iz
                0x10001ad4       0x24 CMakeFiles/blink.dir/home/dev/ws/pico-sdk/src/rp2_common/pico_double/double_aeabi_dcp.S.o
                0x10001adc                __wrap___aeabi_d2iz
                0x10001adc                double2int_z
 .text.__wrap___aeabi_d2uiz
                0x10001af8       0x24 CMakeFiles/blink.dir/home/dev/ws/pico-sdk/src/rp2_common/pico_double/double_aeabi_dcp.S.o
                0x10001b00                double2uint_z
                0x10001b00                double2uint
                0x10001b00                __wrap___aeabi_d2uiz
 .text.__wrap___aeabi_dcmpun
                0x10001b1c       0x24 CMakeFiles/blink.dir/home/dev/ws/pico-sdk/src/rp2_common/pico_double/double_aeabi_dcp.S.o
                0x10001b24                __wrap___aeabi_dcmpun
 .text.__wrap___aeabi_dcmplt
                0x10001b40       0x28 CMakeFiles/blink.dir/home/dev/ws/pico-sdk/src/rp2_common/pico_double/double_aeabi_dcp.S.o
                0x10001b48                __wrap___aeabi_dcmplt
 .text.__wrap___aeabi_dcmpge
                0x10001b68       0x28 CMakeFiles/blink.dir/home/dev/ws/pico-sdk/src/rp2_common/pico_double/double_aeabi_dcp.S.o
                0x10001b70                __wrap___aeabi_dcmpge
 .text.__wrap___aeabi_dcmpgt
                0x10001b90       0x28 CMakeFiles/blink.dir/home/dev/ws/pico-sdk/src/rp2_common/pico_double/double_aeabi_dcp.S.o
                0x10001b98                __wrap___aeabi_dcmpgt
 .text._out_null
                0x10001bb8        0x4 CMakeFiles/blink.dir/home/dev/ws/pico-sdk/src/rp2_common/pico_printf/printf.c.o
 .text._out_rev
                0x10001bbc       0x9c CMakeFiles/blink.dir/home/dev/ws/pico-sdk/src/rp2_common/pico_printf/printf.c.o
 .text._ntoa_format
                0x10001c58      0x2a4 CMakeFiles/blink.dir/home/dev/ws/pico-sdk/src/rp2_common/pico_printf/printf.c.o
 .text._out_char
                0x10001efc        0x8 CMakeFiles/blink.dir/home/dev/ws/pico-sdk/src/rp2_common/pico_printf/printf.c.o
 .text._out_fct
                0x10001f04        0xc CMakeFiles/blink.dir/home/dev/ws/pico-sdk/src/rp2_common/pico_printf/printf.c.o
 .text._etoa    0x10001f10      0x460 CMakeFiles/blink.dir/home/dev/ws/pico-sdk/src/rp2_common/pico_printf/printf.c.o
 .text._ftoa    0x10002370      0x3f4 CMakeFiles/blink.dir/home/dev/ws/pico-sdk/src/rp2_common/pico_printf/printf.c.o
 .text._vsnprintf
                0x10002764      0x9e8 CMakeFiles/blink.dir/home/dev/ws/pico-sdk/src/rp2_common/pico_printf/printf.c.o
 .text.vfctprintf
                0x1000314c       0x28 CMakeFiles/blink.dir/home/dev/ws/pico-sdk/src/rp2_common/pico_printf/printf.c.o
                0x1000314c                vfctprintf
 .text.weak_raw_vprintf
                0x10003174       0x30 CMakeFiles/blink.dir/home/dev/ws/pico-sdk/src/rp2_common/pico_printf/printf.c.o
                0x10003174                weak_raw_vprintf
 .text._exit    0x100031a4        0x4 CMakeFiles/blink.dir/home/dev/ws/pico-sdk/src/rp2_common/pico_clib_interface/newlib_interface.c.o
                0x100031a4                _exit
 .text.exit     0x100031a8        0x8 CMakeFiles/blink.dir/home/dev/ws/pico-sdk/src/rp2_common/pico_clib_interface/newlib_interface.c.o
                0x100031a8                exit
 .text.runtime_init
                0x100031b0       0x24 CMakeFiles/blink.dir/home/dev/ws/pico-sdk/src/rp2_common/pico_clib_interface/newlib_interface.c.o
                0x100031b0                runtime_init
 .text.stdio_out_chars_no_crlf
                0x100031d4        0x8 CMakeFiles/blink.dir/home/dev/ws/pico-sdk/src/rp2_common/pico_stdio/stdio.c.o
 .text.stdio_out_chars_crlf
                0x100031dc       0xac CMakeFiles/blink.dir/home/dev/ws/pico-sdk/src/rp2_common/pico_stdio/stdio.c.o
 .text.stdio_buffered_printer
                0x10003288       0x60 CMakeFiles/blink.dir/home/dev/ws/pico-sdk/src/rp2_common/pico_stdio/stdio.c.o
 .text.stdio_put_string
                0x100032e8       0xf0 CMakeFiles/blink.dir/home/dev/ws/pico-sdk/src/rp2_common/pico_stdio/stdio.c.o
                0x100032e8                stdio_put_string
 .text.__wrap_putchar
                0x100033d8       0x84 CMakeFiles/blink.dir/home/dev/ws/pico-sdk/src/rp2_common/pico_stdio/stdio.c.o
                0x100033d8                stdio_putchar
                0x100033d8                __wrap_putchar
 .text.__wrap_puts
                0x1000345c       0x3c CMakeFiles/blink.dir/home/dev/ws/pico-sdk/src/rp2_common/pico_stdio/stdio.c.o
                0x1000345c                __wrap_puts
                0x1000345c                stdio_puts
 .text.__wrap_vprintf
                0x10003498       0xc8 CMakeFiles/blink.dir/home/dev/ws/pico-sdk/src/rp2_common/pico_stdio/stdio.c.o
                0x10003498                __wrap_vprintf
                0x10003498                stdio_vprintf
 .text.__wrap_printf
                0x10003560       0x1c CMakeFiles/blink.dir/home/dev/ws/pico-sdk/src/rp2_common/pico_stdio/stdio.c.o
                0x10003560                stdio_printf
                0x10003560                __wrap_printf
 .text.cyw43_arch_set_async_context
                0x1000357c        0xc CMakeFiles/blink.dir/home/dev/ws/pico-sdk/src/rp2_common/pico_cyw43_arch/cyw43_arch.c.o
                0x1000357c                cyw43_arch_set_async_context
 .text.cyw43_arch_gpio_put
                0x10003588       0x10 CMakeFiles/blink.dir/home/dev/ws/pico-sdk/src/rp2_common/pico_cyw43_arch/cyw43_arch.c.o
                0x10003588                cyw43_arch_gpio_put
 .text.cyw43_arch_async_context
                0x10003598        0xc CMakeFiles/blink.dir/home/dev/ws/pico-sdk/src/rp2_common/pico_cyw43_arch/cyw43_arch.c.o
                0x10003598                cyw43_arch_async_context
 .text.cyw43_arch_init
                0x100035a4       0x5c CMakeFiles/blink.dir/home/dev/ws/pico-sdk/src/rp2_common/pico_cyw43_arch/cyw43_arch_threadsafe_background.c.o
                0x100035a4                cyw43_arch_init
 .text.startup._retrieve_unique_id_on_boot
                0x10003600       0x30 CMakeFiles/blink.dir/home/dev/ws/pico-sdk/src/rp2_common/pico_unique_id/unique_id.c.o
 .text.pico_get_unique_board_id
                0x10003630       0x10 CMakeFiles/blink.dir/home/dev/ws/pico-sdk/src/rp2_common/pico_unique_id/unique_id.c.o
                0x10003630                pico_get_unique_board_id
 .text.ns_delay.constprop.0
                0x10003640       0x24 CMakeFiles/blink.dir/home/dev/ws/pico-sdk/src/rp2_common/pico_cyw43_driver/cyw43_bus_pio_spi.c.o
 .text.cyw43_spi_deinit
                0x10003664       0x6c CMakeFiles/blink.dir/home/dev/ws/pico-sdk/src/rp2_common/pico_cyw43_driver/cyw43_bus_pio_spi.c.o
                0x10003664                cyw43_spi_deinit
 .text.cyw43_spi_init
                0x100036d0      0x128 CMakeFiles/blink.dir/home/dev/ws/pico-sdk/src/rp2_common/pico_cyw43_driver/cyw43_bus_pio_spi.c.o
                0x100036d0                cyw43_spi_init
 .text.cyw43_spi_transfer
                0x100037f8      0x3a0 CMakeFiles/blink.dir/home/dev/ws/pico-sdk/src/rp2_common/pico_cyw43_driver/cyw43_bus_pio_spi.c.o
                0x100037f8                cyw43_spi_transfer
 .text.cyw43_spi_gpio_setup
                0x10003b98       0x40 CMakeFiles/blink.dir/home/dev/ws/pico-sdk/src/rp2_common/pico_cyw43_driver/cyw43_bus_pio_spi.c.o
                0x10003b98                cyw43_spi_gpio_setup
 .text.cyw43_spi_reset
                0x10003bd8       0x30 CMakeFiles/blink.dir/home/dev/ws/pico-sdk/src/rp2_common/pico_cyw43_driver/cyw43_bus_pio_spi.c.o
                0x10003bd8                cyw43_spi_reset
 .text.read_reg_u32_swap
                0x10003c08       0x3c CMakeFiles/blink.dir/home/dev/ws/pico-sdk/src/rp2_common/pico_cyw43_driver/cyw43_bus_pio_spi.c.o
                0x10003c08                read_reg_u32_swap
 .text.cyw43_read_reg_u32
                0x10003c44       0x50 CMakeFiles/blink.dir/home/dev/ws/pico-sdk/src/rp2_common/pico_cyw43_driver/cyw43_bus_pio_spi.c.o
                0x10003c44                cyw43_read_reg_u32
 .text.cyw43_read_reg_u16
                0x10003c94       0x54 CMakeFiles/blink.dir/home/dev/ws/pico-sdk/src/rp2_common/pico_cyw43_driver/cyw43_bus_pio_spi.c.o
                0x10003c94                cyw43_read_reg_u16
 .text.cyw43_read_reg_u8
                0x10003ce8       0x54 CMakeFiles/blink.dir/home/dev/ws/pico-sdk/src/rp2_common/pico_cyw43_driver/cyw43_bus_pio_spi.c.o
                0x10003ce8                cyw43_read_reg_u8
 .text.write_reg_u32_swap
                0x10003d3c      0x1cc CMakeFiles/blink.dir/home/dev/ws/pico-sdk/src/rp2_common/pico_cyw43_driver/cyw43_bus_pio_spi.c.o
                0x10003d3c                write_reg_u32_swap
 .text.cyw43_write_reg_u32
                0x10003f08      0x1c8 CMakeFiles/blink.dir/home/dev/ws/pico-sdk/src/rp2_common/pico_cyw43_driver/cyw43_bus_pio_spi.c.o
                0x10003f08                cyw43_write_reg_u32
 .text.cyw43_write_reg_u16
                0x100040d0      0x1c8 CMakeFiles/blink.dir/home/dev/ws/pico-sdk/src/rp2_common/pico_cyw43_driver/cyw43_bus_pio_spi.c.o
                0x100040d0                cyw43_write_reg_u16
 .text.cyw43_write_reg_u8
                0x10004298      0x1c8 CMakeFiles/blink.dir/home/dev/ws/pico-sdk/src/rp2_common/pico_cyw43_driver/cyw43_bus_pio_spi.c.o
                0x10004298                cyw43_write_reg_u8
 .text.cyw43_read_bytes
                0x10004460       0x80 CMakeFiles/blink.dir/home/dev/ws/pico-sdk/src/rp2_common/pico_cyw43_driver/cyw43_bus_pio_spi.c.o
                0x10004460                cyw43_read_bytes
 .text.cyw43_write_bytes
                0x100044e0       0xcc CMakeFiles/blink.dir/home/dev/ws/pico-sdk/src/rp2_common/pico_cyw43_driver/cyw43_bus_pio_spi.c.o
                0x100044e0                cyw43_write_bytes
 .text.cyw43_set_backplane_window
                0x100045ac       0x70 CMakeFiles/blink.dir/home/dev/ws/pico-sdk/lib/cyw43-driver/src/cyw43_ll.c.o
 .text.cyw43_ll_parse_async_event
                0x1000461c      0x10c CMakeFiles/blink.dir/home/dev/ws/pico-sdk/lib/cyw43-driver/src/cyw43_ll.c.o
 .text.cyw43_kso_set
                0x10004728       0x7c CMakeFiles/blink.dir/home/dev/ws/pico-sdk/lib/cyw43-driver/src/cyw43_ll.c.o
 .text.cyw43_ll_sdpcm_poll_device
                0x100047a4      0x230 CMakeFiles/blink.dir/home/dev/ws/pico-sdk/lib/cyw43-driver/src/cyw43_ll.c.o
 .text.cyw43_sdpcm_send_common
                0x100049d4       0xe8 CMakeFiles/blink.dir/home/dev/ws/pico-sdk/lib/cyw43-driver/src/cyw43_ll.c.o
 .text.cyw43_do_ioctl.part.0
                0x10004abc       0xc0 CMakeFiles/blink.dir/home/dev/ws/pico-sdk/lib/cyw43-driver/src/cyw43_ll.c.o
 .text.cyw43_download_resource
                0x10004b7c       0xb8 CMakeFiles/blink.dir/home/dev/ws/pico-sdk/lib/cyw43-driver/src/cyw43_ll.c.o
 .text.cyw43_write_iovar_u32.constprop.0
                0x10004c34       0x74 CMakeFiles/blink.dir/home/dev/ws/pico-sdk/lib/cyw43-driver/src/cyw43_ll.c.o
 .text.cyw43_write_iovar_n
                0x10004ca8       0x80 CMakeFiles/blink.dir/home/dev/ws/pico-sdk/lib/cyw43-driver/src/cyw43_ll.c.o
 .text.cyw43_read_backplane.constprop.0
                0x10004d28       0xe4 CMakeFiles/blink.dir/home/dev/ws/pico-sdk/lib/cyw43-driver/src/cyw43_ll.c.o
 .text.cyw43_write_backplane
                0x10004e0c       0xf8 CMakeFiles/blink.dir/home/dev/ws/pico-sdk/lib/cyw43-driver/src/cyw43_ll.c.o
 .text.reset_device_core.constprop.0
                0x10004f04      0x3bc CMakeFiles/blink.dir/home/dev/ws/pico-sdk/lib/cyw43-driver/src/cyw43_ll.c.o
 .text.cyw43_ll_init
                0x100052c0       0x18 CMakeFiles/blink.dir/home/dev/ws/pico-sdk/lib/cyw43-driver/src/cyw43_ll.c.o
                0x100052c0                cyw43_ll_init
 .text.cyw43_ll_deinit
                0x100052d8        0x4 CMakeFiles/blink.dir/home/dev/ws/pico-sdk/lib/cyw43-driver/src/cyw43_ll.c.o
                0x100052d8                cyw43_ll_deinit
 .text.cyw43_ll_process_packets
                0x100052dc       0x44 CMakeFiles/blink.dir/home/dev/ws/pico-sdk/lib/cyw43-driver/src/cyw43_ll.c.o
                0x100052dc                cyw43_ll_process_packets
 .text.cyw43_ll_ioctl
                0x10005320       0x78 CMakeFiles/blink.dir/home/dev/ws/pico-sdk/lib/cyw43-driver/src/cyw43_ll.c.o
                0x10005320                cyw43_ll_ioctl
 .text.cyw43_ll_bus_sleep
                0x10005398       0x30 CMakeFiles/blink.dir/home/dev/ws/pico-sdk/lib/cyw43-driver/src/cyw43_ll.c.o
                0x10005398                cyw43_ll_bus_sleep
 .text.cyw43_ll_wifi_get_mac
                0x100053c8       0x78 CMakeFiles/blink.dir/home/dev/ws/pico-sdk/lib/cyw43-driver/src/cyw43_ll.c.o
                0x100053c8                cyw43_ll_wifi_get_mac
 .text.cyw43_ll_bus_init
                0x10005440      0x8b0 CMakeFiles/blink.dir/home/dev/ws/pico-sdk/lib/cyw43-driver/src/cyw43_ll.c.o
                0x10005440                cyw43_ll_bus_init
 .text.cyw43_ll_wifi_set_wpa_auth
                0x10005cf0       0x48 CMakeFiles/blink.dir/home/dev/ws/pico-sdk/lib/cyw43-driver/src/cyw43_ll.c.o
                0x10005cf0                cyw43_ll_wifi_set_wpa_auth
 .text.cyw43_ll_wifi_rejoin
                0x10005d38       0x74 CMakeFiles/blink.dir/home/dev/ws/pico-sdk/lib/cyw43-driver/src/cyw43_ll.c.o
                0x10005d38                cyw43_ll_wifi_rejoin
 .text.cyw43_ll_gpio_set
                0x10005dac       0x9c CMakeFiles/blink.dir/home/dev/ws/pico-sdk/lib/cyw43-driver/src/cyw43_ll.c.o
                0x10005dac                cyw43_ll_gpio_set
 .text.cyw43_ll_has_work
                0x10005e48       0x14 CMakeFiles/blink.dir/home/dev/ws/pico-sdk/lib/cyw43-driver/src/cyw43_ll.c.o
                0x10005e48                cyw43_ll_has_work
 .text.cyw43_poll_func
                0x10005e5c       0xb8 CMakeFiles/blink.dir/home/dev/ws/pico-sdk/lib/cyw43-driver/src/cyw43_ctrl.c.o
 .text.cyw43_init
                0x10005f14       0x5c CMakeFiles/blink.dir/home/dev/ws/pico-sdk/lib/cyw43-driver/src/cyw43_ctrl.c.o
                0x10005f14                cyw43_init
 .text.cyw43_deinit
                0x10005f70       0x80 CMakeFiles/blink.dir/home/dev/ws/pico-sdk/lib/cyw43-driver/src/cyw43_ctrl.c.o
                0x10005f70                cyw43_deinit
 .text.cyw43_cb_read_host_interrupt_pin
                0x10005ff0        0xc CMakeFiles/blink.dir/home/dev/ws/pico-sdk/lib/cyw43-driver/src/cyw43_ctrl.c.o
                0x10005ff0                cyw43_cb_read_host_interrupt_pin
 .text.cyw43_cb_ensure_awake
                0x10005ffc        0xc CMakeFiles/blink.dir/home/dev/ws/pico-sdk/lib/cyw43-driver/src/cyw43_ctrl.c.o
                0x10005ffc                cyw43_cb_ensure_awake
 .text.cyw43_cb_process_async_event
                0x10006008      0x23c CMakeFiles/blink.dir/home/dev/ws/pico-sdk/lib/cyw43-driver/src/cyw43_ctrl.c.o
                0x10006008                cyw43_cb_process_async_event
 .text.cyw43_gpio_set
                0x10006244       0x98 CMakeFiles/blink.dir/home/dev/ws/pico-sdk/lib/cyw43-driver/src/cyw43_ctrl.c.o
                0x10006244                cyw43_gpio_set
 .text.pio_sm_set_pindirs_with_mask64
                0x100062dc       0x68 CMakeFiles/blink.dir/home/dev/ws/pico-sdk/src/rp2_common/hardware_pio/pio.c.o
                0x100062dc                pio_sm_set_pindirs_with_mask64
 .text.pio_sm_set_consecutive_pindirs
                0x10006344       0x8c CMakeFiles/blink.dir/home/dev/ws/pico-sdk/src/rp2_common/hardware_pio/pio.c.o
                0x10006344                pio_sm_set_consecutive_pindirs
 .text.pio_claim_free_sm_and_add_program_for_gpio_range
                0x100063d0      0x17c CMakeFiles/blink.dir/home/dev/ws/pico-sdk/src/rp2_common/hardware_pio/pio.c.o
                0x100063d0                pio_claim_free_sm_and_add_program_for_gpio_range
 .text.pio_remove_program_and_unclaim_sm
                0x1000654c       0x4c CMakeFiles/blink.dir/home/dev/ws/pico-sdk/src/rp2_common/hardware_pio/pio.c.o
                0x1000654c                pio_remove_program_and_unclaim_sm
 .text.dma_channel_unclaim
                0x10006598        0xc CMakeFiles/blink.dir/home/dev/ws/pico-sdk/src/rp2_common/hardware_dma/dma.c.o
                0x10006598                dma_channel_unclaim
 .text.dma_claim_unused_channel
                0x100065a4       0x20 CMakeFiles/blink.dir/home/dev/ws/pico-sdk/src/rp2_common/hardware_dma/dma.c.o
                0x100065a4                dma_claim_unused_channel
 .text.dma_channel_cleanup
                0x100065c4       0x50 CMakeFiles/blink.dir/home/dev/ws/pico-sdk/src/rp2_common/hardware_dma/dma.c.o
                0x100065c4                dma_channel_cleanup
 .text.cyw43_sleep_timeout_reached
                0x10006614        0xc CMakeFiles/blink.dir/home/dev/ws/pico-sdk/src/rp2_common/pico_cyw43_driver/cyw43_driver.c.o
 .text.cyw43_irq_init
                0x10006620       0x28 CMakeFiles/blink.dir/home/dev/ws/pico-sdk/src/rp2_common/pico_cyw43_driver/cyw43_driver.c.o
                0x10006620                cyw43_irq_init
 .text.cyw43_irq_deinit
                0x10006648       0x20 CMakeFiles/blink.dir/home/dev/ws/pico-sdk/src/rp2_common/pico_cyw43_driver/cyw43_driver.c.o
                0x10006648                cyw43_irq_deinit
 .text.cyw43_gpio_irq_handler
                0x10006668       0x44 CMakeFiles/blink.dir/home/dev/ws/pico-sdk/src/rp2_common/pico_cyw43_driver/cyw43_driver.c.o
 .text.cyw43_do_poll
                0x100066ac       0x70 CMakeFiles/blink.dir/home/dev/ws/pico-sdk/src/rp2_common/pico_cyw43_driver/cyw43_driver.c.o
 .text.cyw43_post_poll_hook
                0x1000671c        0xc CMakeFiles/blink.dir/home/dev/ws/pico-sdk/src/rp2_common/pico_cyw43_driver/cyw43_driver.c.o
                0x1000671c                cyw43_post_poll_hook
 .text.cyw43_schedule_internal_poll_dispatch
                0x10006728       0x14 CMakeFiles/blink.dir/home/dev/ws/pico-sdk/src/rp2_common/pico_cyw43_driver/cyw43_driver.c.o
                0x10006728                cyw43_schedule_internal_poll_dispatch
 .text.cyw43_driver_init
                0x1000673c       0x38 CMakeFiles/blink.dir/home/dev/ws/pico-sdk/src/rp2_common/pico_cyw43_driver/cyw43_driver.c.o
                0x1000673c                cyw43_driver_init
 .text.cyw43_driver_deinit
                0x10006774       0x48 CMakeFiles/blink.dir/home/dev/ws/pico-sdk/src/rp2_common/pico_cyw43_driver/cyw43_driver.c.o
                0x10006774                cyw43_driver_deinit
 .text.cyw43_hal_generate_laa_mac
                0x100067bc       0x28 CMakeFiles/blink.dir/home/dev/ws/pico-sdk/src/rp2_common/pico_cyw43_driver/cyw43_driver.c.o
                0x100067bc                cyw43_hal_generate_laa_mac
 .text.cyw43_thread_enter
                0x100067e4       0x10 CMakeFiles/blink.dir/home/dev/ws/pico-sdk/src/rp2_common/pico_cyw43_driver/cyw43_driver.c.o
                0x100067e4                cyw43_thread_enter
 .text.cyw43_thread_exit
                0x100067f4       0x10 CMakeFiles/blink.dir/home/dev/ws/pico-sdk/src/rp2_common/pico_cyw43_driver/cyw43_driver.c.o
                0x100067f4                cyw43_thread_exit
 .text.cyw43_await_background_or_timeout_us
                0x10006804       0x6c CMakeFiles/blink.dir/home/dev/ws/pico-sdk/src/rp2_common/pico_cyw43_driver/cyw43_driver.c.o
                0x10006804                cyw43_await_background_or_timeout_us
 .text.cyw43_delay_ms
                0x10006870       0x40 CMakeFiles/blink.dir/home/dev/ws/pico-sdk/src/rp2_common/pico_cyw43_driver/cyw43_driver.c.o
                0x10006870                cyw43_delay_ms
 .text.cyw43_cb_tcpip_deinit
                0x100068b0        0x4 CMakeFiles/blink.dir/home/dev/ws/pico-sdk/src/rp2_common/pico_cyw43_driver/cyw43_driver.c.o
                0x100068b0                cyw43_cb_tcpip_deinit
 .text.cyw43_cb_tcpip_set_link_up
                0x100068b4        0xc CMakeFiles/blink.dir/home/dev/ws/pico-sdk/src/rp2_common/pico_cyw43_driver/cyw43_driver.c.o
                0x100068b4                cyw43_cb_tcpip_set_link_up
 .text.cyw43_cb_tcpip_set_link_down
                0x100068c0        0xc CMakeFiles/blink.dir/home/dev/ws/pico-sdk/src/rp2_common/pico_cyw43_driver/cyw43_driver.c.o
                0x100068c0                cyw43_cb_tcpip_set_link_down
 .text.cyw43_cb_process_ethernet
                0x100068cc        0xc CMakeFiles/blink.dir/home/dev/ws/pico-sdk/src/rp2_common/pico_cyw43_driver/cyw43_driver.c.o
                0x100068cc                cyw43_cb_process_ethernet
 .text.async_context_threadsafe_background_acquire_lock_blocking
                0x100068d8        0x8 CMakeFiles/blink.dir/home/dev/ws/pico-sdk/src/rp2_common/pico_async_context/async_context_threadsafe_background.c.o
 .text.alarm_handler
                0x100068e0       0x20 CMakeFiles/blink.dir/home/dev/ws/pico-sdk/src/rp2_common/pico_async_context/async_context_threadsafe_background.c.o
 .text.async_context_threadsafe_background_set_work_pending
                0x10006900       0x1c CMakeFiles/blink.dir/home/dev/ws/pico-sdk/src/rp2_common/pico_async_context/async_context_threadsafe_background.c.o
 .text.process_under_lock
                0x1000691c       0xb0 CMakeFiles/blink.dir/home/dev/ws/pico-sdk/src/rp2_common/pico_async_context/async_context_threadsafe_background.c.o
 .text.async_context_threadsafe_background_execute_sync
                0x100069cc       0x3c CMakeFiles/blink.dir/home/dev/ws/pico-sdk/src/rp2_common/pico_async_context/async_context_threadsafe_background.c.o
                0x100069cc                async_context_threadsafe_background_execute_sync
 .text.async_context_threadsafe_background_deinit
                0x10006a08       0x5c CMakeFiles/blink.dir/home/dev/ws/pico-sdk/src/rp2_common/pico_async_context/async_context_threadsafe_background.c.o
 .text.low_priority_irq_handler
                0x10006a64       0x40 CMakeFiles/blink.dir/home/dev/ws/pico-sdk/src/rp2_common/pico_async_context/async_context_threadsafe_background.c.o
 .text.async_context_threadsafe_background_wait_for_work_until
                0x10006aa4        0x8 CMakeFiles/blink.dir/home/dev/ws/pico-sdk/src/rp2_common/pico_async_context/async_context_threadsafe_background.c.o
 .text.async_context_threadsafe_background_wait_until
                0x10006aac       0x14 CMakeFiles/blink.dir/home/dev/ws/pico-sdk/src/rp2_common/pico_async_context/async_context_threadsafe_background.c.o
 .text.async_context_threadsafe_background_lock_check
                0x10006ac0       0x24 CMakeFiles/blink.dir/home/dev/ws/pico-sdk/src/rp2_common/pico_async_context/async_context_threadsafe_background.c.o
 .text.async_context_threadsafe_background_release_lock
                0x10006ae4       0x28 CMakeFiles/blink.dir/home/dev/ws/pico-sdk/src/rp2_common/pico_async_context/async_context_threadsafe_background.c.o
 .text.async_context_threadsafe_background_add_at_time_worker
                0x10006b0c       0x3c CMakeFiles/blink.dir/home/dev/ws/pico-sdk/src/rp2_common/pico_async_context/async_context_threadsafe_background.c.o
 .text.async_context_threadsafe_background_remove_at_time_worker
                0x10006b48       0x3c CMakeFiles/blink.dir/home/dev/ws/pico-sdk/src/rp2_common/pico_async_context/async_context_threadsafe_background.c.o
 .text.async_context_threadsafe_background_add_when_pending_worker
                0x10006b84       0x3c CMakeFiles/blink.dir/home/dev/ws/pico-sdk/src/rp2_common/pico_async_context/async_context_threadsafe_background.c.o
 .text.async_context_threadsafe_background_when_pending_worker
                0x10006bc0       0x3c CMakeFiles/blink.dir/home/dev/ws/pico-sdk/src/rp2_common/pico_async_context/async_context_threadsafe_background.c.o
 .text.async_context_threadsafe_background_default_config
                0x10006bfc        0xc CMakeFiles/blink.dir/home/dev/ws/pico-sdk/src/rp2_common/pico_async_context/async_context_threadsafe_background.c.o
                0x10006bfc                async_context_threadsafe_background_default_config
 .text.async_context_threadsafe_background_init
                0x10006c08       0x8c CMakeFiles/blink.dir/home/dev/ws/pico-sdk/src/rp2_common/pico_async_context/async_context_threadsafe_background.c.o
                0x10006c08                async_context_threadsafe_background_init
 .text.async_context_base_add_at_time_worker
                0x10006c94       0x24 CMakeFiles/blink.dir/home/dev/ws/pico-sdk/src/rp2_common/pico_async_context/async_context_base.c.o
                0x10006c94                async_context_base_add_at_time_worker
 .text.async_context_base_remove_at_time_worker
                0x10006cb8       0x28 CMakeFiles/blink.dir/home/dev/ws/pico-sdk/src/rp2_common/pico_async_context/async_context_base.c.o
                0x10006cb8                async_context_base_remove_at_time_worker
 .text.async_context_base_add_when_pending_worker
                0x10006ce0       0x20 CMakeFiles/blink.dir/home/dev/ws/pico-sdk/src/rp2_common/pico_async_context/async_context_base.c.o
                0x10006ce0                async_context_base_add_when_pending_worker
 .text.async_context_base_remove_when_pending_worker
                0x10006d00       0x24 CMakeFiles/blink.dir/home/dev/ws/pico-sdk/src/rp2_common/pico_async_context/async_context_base.c.o
                0x10006d00                async_context_base_remove_when_pending_worker
 .text.async_context_base_execute_once
                0x10006d24       0xd8 CMakeFiles/blink.dir/home/dev/ws/pico-sdk/src/rp2_common/pico_async_context/async_context_base.c.o
                0x10006d24                async_context_base_execute_once
 .text          0x10006dfc       0xa4 /usr/lib/gcc/arm-none-eabi/13.2.1/../../../arm-none-eabi/lib/thumb/v8-m.main+fp/softfp/libg.a(libc_a-memset.o)
                0x10006dfc                memset
 .text          0x10006ea0       0x80 /usr/lib/gcc/arm-none-eabi/13.2.1/../../../arm-none-eabi/lib/thumb/v8-m.main+fp/softfp/libg.a(libc_a-strncmp.o)
                0x10006ea0                strncmp
 .text          0x10006f20      0x100 /usr/lib/gcc/arm-none-eabi/13.2.1/../../../arm-none-eabi/lib/thumb/v8-m.main+fp/softfp/libg.a(libc_a-memmove.o)
                0x10006f20                memmove
 .text          0x10007020       0xec /usr/lib/gcc/arm-none-eabi/13.2.1/../../../arm-none-eabi/lib/thumb/v8-m.main+fp/softfp/libg.a(libc_a-memcpy.o)
                0x10007020                memcpy
 .text          0x1000710c        0xc /usr/lib/gcc/arm-none-eabi/13.2.1/../../../arm-none-eabi/lib/thumb/v8-m.main+fp/softfp/libg.a(libc_a-atexit.o)
                0x1000710c                atexit
 .text          0x10007118       0x5c /usr/lib/gcc/arm-none-eabi/13.2.1/../../../arm-none-eabi/lib/thumb/v8-m.main+fp/softfp/libg.a(libc_a-strlen-stub.o)
                0x10007118                strlen
 .text          0x10007174       0x28 /usr/lib/gcc/arm-none-eabi/13.2.1/../../../arm-none-eabi/lib/thumb/v8-m.main+fp/softfp/libg.a(libc_a-fini.o)
                0x10007174                __libc_fini_array
 .text          0x1000719c       0x64 /usr/lib/gcc/arm-none-eabi/13.2.1/../../../arm-none-eabi/lib/thumb/v8-m.main+fp/softfp/libg.a(libc_a-__atexit.o)
                0x1000719c                __register_exitproc
 .text.startup  0x10007200       0x14 /usr/lib/gcc/arm-none-eabi/13.2.1/../../../arm-none-eabi/lib/thumb/v8-m.main+fp/softfp/libg.a(libc_a-__call_atexit.o)
 *(.fini)
 .fini          0x10007214        0x4 /usr/lib/gcc/arm-none-eabi/13.2.1/thumb/v8-m.main+fp/softfp/crti.o
                0x10007214                _fini
 .fini.__stub   0x10007218       0x40 linker stubs
 *crtbegin.o(.ctors)
 *crtbegin?.o(.ctors)
 *(EXCLUDE_FILE(*crtend.o *crtend?.o) .ctors)
 *(SORT_BY_NAME(.ctors.*))
 *(.ctors)
 *crtbegin.o(.dtors)
 *crtbegin?.o(.dtors)
 *(EXCLUDE_FILE(*crtend.o *crtend?.o) .dtors)
 *(SORT_BY_NAME(.dtors.*))
 *(.dtors)
                0x10007258                        . = ALIGN (0x4)
                0x10007258                        PROVIDE (__preinit_array_start = .)
 *(SORT_BY_NAME(.preinit_array.*))
 .preinit_array.00050
                0x10007258        0x4 CMakeFiles/blink.dir/home/dev/ws/pico-sdk/src/rp2_common/pico_runtime_init/runtime_init.c.o
                0x10007258                __pre_init_runtime_init_bootrom_reset
 .preinit_array.00100
                0x1000725c        0x4 CMakeFiles/blink.dir/home/dev/ws/pico-sdk/src/rp2_common/pico_runtime_init/runtime_init.c.o
                0x1000725c                __pre_init_runtime_init_early_resets
 .preinit_array.00101
                0x10007260        0x4 CMakeFiles/blink.dir/home/dev/ws/pico-sdk/src/rp2_common/pico_runtime_init/runtime_init.c.o
                0x10007260                __pre_init_runtime_init_usb_power_down
 .preinit_array.00500
                0x10007264        0x4 CMakeFiles/blink.dir/home/dev/ws/pico-sdk/src/rp2_common/pico_runtime_init/runtime_init.c.o
                0x10007264                __pre_init_runtime_init_clocks
 .preinit_array.00600
                0x10007268        0x4 CMakeFiles/blink.dir/home/dev/ws/pico-sdk/src/rp2_common/pico_runtime_init/runtime_init.c.o
                0x10007268                __pre_init_runtime_init_post_clock_resets
 .preinit_array.01000
                0x1000726c        0x4 CMakeFiles/blink.dir/home/dev/ws/pico-sdk/src/rp2_common/hardware_boot_lock/boot_lock.c.o
                0x1000726c                __pre_init_runtime_init_boot_locks_reset
 .preinit_array.01000
                0x10007270        0x4 CMakeFiles/blink.dir/home/dev/ws/pico-sdk/src/rp2_common/pico_runtime_init/runtime_init.c.o
                0x10007270                __pre_init_runtime_init_spin_locks_reset
 .preinit_array.01010
                0x10007274        0x4 CMakeFiles/blink.dir/home/dev/ws/pico-sdk/src/rp2_common/pico_bootrom/bootrom_lock.c.o
                0x10007274                __pre_init_runtime_init_bootrom_locking_enable
 .preinit_array.01100
                0x10007278        0x4 CMakeFiles/blink.dir/home/dev/ws/pico-sdk/src/common/pico_sync/mutex.c.o
                0x10007278                __pre_init_runtime_init_mutex
 .preinit_array.10080
                0x1000727c        0x4 CMakeFiles/blink.dir/home/dev/ws/pico-sdk/src/rp2_common/pico_runtime_init/runtime_init.c.o
                0x1000727c                __pre_init_runtime_init_install_ram_vector_table
 .preinit_array.11000
                0x10007280        0x4 CMakeFiles/blink.dir/home/dev/ws/pico-sdk/src/common/pico_time/time.c.o
                0x10007280                __pre_init_runtime_init_default_alarm_pool
 .preinit_array.YYYYY
                0x10007284        0x4 CMakeFiles/blink.dir/home/dev/ws/pico-sdk/src/rp2_common/pico_runtime/runtime.c.o
                0x10007284                __pre_init_first_per_core_initializer
 .preinit_array.ZZZZZ.00051
                0x10007288        0x4 CMakeFiles/blink.dir/home/dev/ws/pico-sdk/src/rp2_common/pico_runtime_init/runtime_init.c.o
                0x10007288                __pre_init_runtime_init_per_core_bootrom_reset
 .preinit_array.ZZZZZ.00200
                0x1000728c        0x4 CMakeFiles/blink.dir/home/dev/ws/pico-sdk/src/rp2_common/pico_runtime_init/runtime_init.c.o
                0x1000728c                __pre_init_runtime_init_per_core_enable_coprocessors
 .preinit_array.ZZZZZ.01000
                0x10007290        0x4 CMakeFiles/blink.dir/home/dev/ws/pico-sdk/src/rp2_common/hardware_sync_spin_lock/sync_spin_lock.c.o
                0x10007290                __pre_init_spinlock_set_extexclall
 .preinit_array.ZZZZZ.01200
                0x10007294        0x4 CMakeFiles/blink.dir/home/dev/ws/pico-sdk/src/rp2_common/hardware_irq/irq.c.o
                0x10007294                __pre_init_runtime_init_per_core_irq_priorities
 *(.preinit_array)
                0x10007298                        PROVIDE (__preinit_array_end = .)
                0x10007298                        . = ALIGN (0x4)
                0x10007298                        PROVIDE (__init_array_start = .)
 *(SORT_BY_NAME(.init_array.*))
 .init_array.00000
                0x10007298        0x4 /usr/lib/gcc/arm-none-eabi/13.2.1/../../../arm-none-eabi/lib/thumb/v8-m.main+fp/softfp/libg.a(libc_a-__call_atexit.o)
 .init_array.01000
                0x1000729c        0x4 CMakeFiles/blink.dir/home/dev/ws/pico-sdk/src/rp2_common/pico_unique_id/unique_id.c.o
 *(.init_array)
 .init_array    0x100072a0        0x4 /usr/lib/gcc/arm-none-eabi/13.2.1/thumb/v8-m.main+fp/softfp/crtbegin.o
                0x100072a4                        PROVIDE (__init_array_end = .)
                0x100072a4                        . = ALIGN (0x4)
                0x100072a4                        PROVIDE (__fini_array_start = .)
 *(SORT_BY_NAME(.fini_array.*))
 *(.fini_array)
                0x100072a4                        PROVIDE (__fini_array_end = .)
 *(.eh_frame*)
 .eh_frame      0x100072a4        0x0 /usr/lib/gcc/arm-none-eabi/13.2.1/thumb/v8-m.main+fp/softfp/crtbegin.o
                0x100072a4                        . = ALIGN (0x4)

.glue_7         0x100072a4        0x0
 .glue_7        0x100072a4        0x0 linker stubs

.glue_7t        0x100072a4        0x0
 .glue_7t       0x100072a4        0x0 linker stubs

.vfp11_veneer   0x100072a4        0x0
 .vfp11_veneer  0x100072a4        0x0 linker stubs

.v4_bx          0x100072a4        0x0
 .v4_bx         0x100072a4        0x0 linker stubs

.iplt           0x100072a4        0x0
 .iplt          0x100072a4        0x0 /usr/lib/gcc/arm-none-eabi/13.2.1/thumb/v8-m.main+fp/softfp/crtbegin.o

.boot2          0x100072a4        0x0
                0x100072a4                        __boot2_start__ = .
 *(.boot2)
                0x100072a4                        __boot2_end__ = .
                0x00000001                        ASSERT (((__boot2_end__ - __boot2_start__) <= 0x100), ERROR: Pico second stage bootloader must be no more than 256 bytes in size)

.rodata         0x100072a8    0x37a10
 *(EXCLUDE_FILE(*libm.a: *libc.a:*lib_a-mem*.o *libgcc.a:) .rodata*)
 .rodata.panic.str1.4
                0x100072a8      0x474 CMakeFiles/blink.dir/home/dev/ws/pico-sdk/src/rp2_common/pico_platform_panic/panic.c.o
                                 0x12 (size before relaxing)
 .rodata.user_irq_claim_unused.str1.4
                0x1000771c       0x1b CMakeFiles/blink.dir/home/dev/ws/pico-sdk/src/rp2_common/hardware_irq/irq.c.o
 *fill*         0x1000771c        0x4 
 .rodata.at_the_end_of_time
                0x10007720        0x8 CMakeFiles/blink.dir/home/dev/ws/pico-sdk/src/common/pico_time/time.c.o
                0x10007720                at_the_end_of_time
 .rodata.timer_hardware_alarm_claim.str1.4
                0x10007728       0x22 CMakeFiles/blink.dir/home/dev/ws/pico-sdk/src/rp2_common/hardware_timer/timer.c.o
 .rodata.hard_assertion_failure.str1.4
                0x10007728        0xc CMakeFiles/blink.dir/home/dev/ws/pico-sdk/src/rp2_common/pico_runtime/runtime.c.o
 .rodata.str1.4
                0x10007728       0x3c CMakeFiles/blink.dir/home/dev/ws/pico-sdk/src/rp2_common/pico_standard_binary_info/standard_binary_info.c.o
 .rodata.__bi_84
                0x10007728        0xc CMakeFiles/blink.dir/home/dev/ws/pico-sdk/src/rp2_common/pico_standard_binary_info/standard_binary_info.c.o
 .rodata.__bi_78
                0x10007734        0xc CMakeFiles/blink.dir/home/dev/ws/pico-sdk/src/rp2_common/pico_standard_binary_info/standard_binary_info.c.o
 .rodata.__bi_54
                0x10007740        0xc CMakeFiles/blink.dir/home/dev/ws/pico-sdk/src/rp2_common/pico_standard_binary_info/standard_binary_info.c.o
 .rodata.__bi_48
                0x1000774c        0xc CMakeFiles/blink.dir/home/dev/ws/pico-sdk/src/rp2_common/pico_standard_binary_info/standard_binary_info.c.o
 .rodata.__bi_42
                0x10007758        0xc CMakeFiles/blink.dir/home/dev/ws/pico-sdk/src/rp2_common/pico_standard_binary_info/standard_binary_info.c.o
 .rodata.__bi_34
                0x10007764        0xc CMakeFiles/blink.dir/home/dev/ws/pico-sdk/src/rp2_common/pico_standard_binary_info/standard_binary_info.c.o
 .rodata.__bi_26
                0x10007770        0xc CMakeFiles/blink.dir/home/dev/ws/pico-sdk/src/rp2_common/pico_standard_binary_info/standard_binary_info.c.o
 .rodata._ftoa.str1.4
                0x1000777c       0x15 CMakeFiles/blink.dir/home/dev/ws/pico-sdk/src/rp2_common/pico_printf/printf.c.o
 *fill*         0x1000777c        0x4 
 .rodata.pow10.0
                0x10007780       0x50 CMakeFiles/blink.dir/home/dev/ws/pico-sdk/src/rp2_common/pico_printf/printf.c.o
 .rodata.crlf_str.0
                0x100077d0        0x2 CMakeFiles/blink.dir/home/dev/ws/pico-sdk/src/rp2_common/pico_stdio/stdio.c.o
 .rodata.cyw43_read_bytes.str1.4
                0x100077d2       0x1a CMakeFiles/blink.dir/home/dev/ws/pico-sdk/src/rp2_common/pico_cyw43_driver/cyw43_bus_pio_spi.c.o
 .rodata.cyw43_write_bytes.str1.4
                0x100077d2        0xd CMakeFiles/blink.dir/home/dev/ws/pico-sdk/src/rp2_common/pico_cyw43_driver/cyw43_bus_pio_spi.c.o
 *fill*         0x100077d2        0x2 
 .rodata.spi_gap01_sample0_program
                0x100077d4        0x8 CMakeFiles/blink.dir/home/dev/ws/pico-sdk/src/rp2_common/pico_cyw43_driver/cyw43_bus_pio_spi.c.o
 .rodata.spi_gap01_sample0_program_instructions
                0x100077dc        0xc CMakeFiles/blink.dir/home/dev/ws/pico-sdk/src/rp2_common/pico_cyw43_driver/cyw43_bus_pio_spi.c.o
 .rodata.cyw43_kso_set.str1.4
                0x100077e8       0x23 CMakeFiles/blink.dir/home/dev/ws/pico-sdk/lib/cyw43-driver/src/cyw43_ll.c.o
 .rodata.cyw43_ll_sdpcm_poll_device.str1.4
                0x100077e8       0x55 CMakeFiles/blink.dir/home/dev/ws/pico-sdk/lib/cyw43-driver/src/cyw43_ll.c.o
 .rodata.cyw43_sdpcm_send_common.str1.4
                0x100077e8       0x22 CMakeFiles/blink.dir/home/dev/ws/pico-sdk/lib/cyw43-driver/src/cyw43_ll.c.o
 .rodata.cyw43_do_ioctl.part.0.str1.4
                0x100077e8       0x53 CMakeFiles/blink.dir/home/dev/ws/pico-sdk/lib/cyw43-driver/src/cyw43_ll.c.o
 .rodata.reset_device_core.constprop.0.str1.4
                0x100077e8       0x1a CMakeFiles/blink.dir/home/dev/ws/pico-sdk/lib/cyw43-driver/src/cyw43_ll.c.o
 .rodata.cyw43_ll_wifi_on.str1.4
                0x100077e8       0x52 CMakeFiles/blink.dir/home/dev/ws/pico-sdk/lib/cyw43-driver/src/cyw43_ll.c.o
 .rodata.cyw43_ll_bus_init.str1.4
                0x100077e8       0xea CMakeFiles/blink.dir/home/dev/ws/pico-sdk/lib/cyw43-driver/src/cyw43_ll.c.o
 .rodata.cyw43_ll_gpio_set.str1.4
                0x100077e8        0x8 CMakeFiles/blink.dir/home/dev/ws/pico-sdk/lib/cyw43-driver/src/cyw43_ll.c.o
 .rodata.w43439A0_7_95_49_00_combined
                0x100077e8    0x36fd8 CMakeFiles/blink.dir/home/dev/ws/pico-sdk/lib/cyw43-driver/src/cyw43_ll.c.o
 .rodata.wifi_nvram_4343
                0x1003e7c0      0x2e7 CMakeFiles/blink.dir/home/dev/ws/pico-sdk/lib/cyw43-driver/src/cyw43_ll.c.o
 *fill*         0x1003eaa7        0x1 
 .rodata        0x1003eaa8       0x72 CMakeFiles/blink.dir/home/dev/ws/pico-sdk/lib/cyw43-driver/src/cyw43_ll.c.o
 .rodata.cyw43_cb_process_async_event.str1.4
                0x1003eb1a       0x28 CMakeFiles/blink.dir/home/dev/ws/pico-sdk/lib/cyw43-driver/src/cyw43_ctrl.c.o
 .rodata.str1.4
                0x1003eb1a       0x9e CMakeFiles/blink.dir/home/dev/ws/pico-sdk/lib/cyw43-driver/src/cyw43_ctrl.c.o
 *fill*         0x1003eb1a        0x2 
 .rodata.cyw43_async_event_name_table
                0x1003eb1c      0x164 CMakeFiles/blink.dir/home/dev/ws/pico-sdk/lib/cyw43-driver/src/cyw43_ctrl.c.o
 .rodata.pio_claim_unused_sm.str1.4
                0x1003ec80       0x24 CMakeFiles/blink.dir/home/dev/ws/pico-sdk/src/rp2_common/hardware_pio/pio.c.o
 .rodata.dma_claim_unused_channel.str1.4
                0x1003ec80       0x1e CMakeFiles/blink.dir/home/dev/ws/pico-sdk/src/rp2_common/hardware_dma/dma.c.o
 .rodata.cyw43_cb_tcpip_set_link_up.str1.4
                0x1003ec80       0x20 CMakeFiles/blink.dir/home/dev/ws/pico-sdk/src/rp2_common/pico_cyw43_driver/cyw43_driver.c.o
 .rodata.async_context_threadsafe_background_lock_check.str1.4
                0x1003ec80       0x20 CMakeFiles/blink.dir/home/dev/ws/pico-sdk/src/rp2_common/pico_async_context/async_context_threadsafe_background.c.o
 .rodata.template
                0x1003ec80       0x38 CMakeFiles/blink.dir/home/dev/ws/pico-sdk/src/rp2_common/pico_async_context/async_context_threadsafe_background.c.o
 *(.srodata*)
                0x1003ecb8                        . = ALIGN (0x4)
 *(SORT_BY_ALIGNMENT(SORT_BY_NAME(.flashdata*)))
                0x1003ecb8                        . = ALIGN (0x4)

.ARM.extab
 *(.ARM.extab* .gnu.linkonce.armextab.*)
                0x1003ecb8                        __exidx_start = .

.ARM.exidx      0x1003ecb8        0x8
 *(.ARM.exidx* .gnu.linkonce.armexidx.*)
 .ARM.exidx     0x1003ecb8        0x8 /usr/lib/gcc/arm-none-eabi/13.2.1/../../../arm-none-eabi/lib/thumb/v8-m.main+fp/softfp/libg.a(libc_a-memcpy.o)
 .ARM.exidx     0x1003ecc0        0x0 /usr/lib/gcc/arm-none-eabi/13.2.1/thumb/v8-m.main+fp/softfp/libgcc.a(_udivmoddi4.o)
                                  0x8 (size before relaxing)
                0x1003ecc0                        __exidx_end = .
                0x1003ecc0                        . = ALIGN (0x4)
                0x1003ecc0                        __binary_info_start = .

.binary_info    0x1003ecc0       0x1c
 *(.binary_info.keep.*)
 .binary_info.keep.__bi_ptr84
                0x1003ecc0        0x4 CMakeFiles/blink.dir/home/dev/ws/pico-sdk/src/rp2_common/pico_standard_binary_info/standard_binary_info.c.o
 .binary_info.keep.__bi_ptr78
                0x1003ecc4        0x4 CMakeFiles/blink.dir/home/dev/ws/pico-sdk/src/rp2_common/pico_standard_binary_info/standard_binary_info.c.o
 .binary_info.keep.__bi_ptr54
                0x1003ecc8        0x4 CMakeFiles/blink.dir/home/dev/ws/pico-sdk/src/rp2_common/pico_standard_binary_info/standard_binary_info.c.o
 .binary_info.keep.__bi_ptr48
                0x1003eccc        0x4 CMakeFiles/blink.dir/home/dev/ws/pico-sdk/src/rp2_common/pico_standard_binary_info/standard_binary_info.c.o
 .binary_info.keep.__bi_ptr42
                0x1003ecd0        0x4 CMakeFiles/blink.dir/home/dev/ws/pico-sdk/src/rp2_common/pico_standard_binary_info/standard_binary_info.c.o
 .binary_info.keep.__bi_ptr34
                0x1003ecd4        0x4 CMakeFiles/blink.dir/home/dev/ws/pico-sdk/src/rp2_common/pico_standard_binary_info/standard_binary_info.c.o
 .binary_info.keep.__bi_ptr26
                0x1003ecd8        0x4 CMakeFiles/blink.dir/home/dev/ws/pico-sdk/src/rp2_common/pico_standard_binary_info/standard_binary_info.c.o
 *(.binary_info.*)
                0x1003ecdc                        __binary_info_end = .
                0x1003ecdc                        . = ALIGN (0x4)

.ram_vector_table
                0x20000000      0x110
 *(.ram_vector_table)
 .ram_vector_table
                0x20000000      0x110 CMakeFiles/blink.dir/home/dev/ws/pico-sdk/src/rp2_common/pico_runtime_init/runtime_init.c.o
                0x20000000                ram_vector_table

.uninitialized_data
                0x20000110        0x0
                0x20000110                        . = ALIGN (0x4)
 *(.uninitialized_data*)

.data           0x20000110      0x6e0 load address 0x1003ecdc
                0x20000110                        __data_start__ = .
 *(vtable)
 *(.time_critical*)
 .time_critical.sem_acquire_block_until
                0x20000110       0x64 CMakeFiles/blink.dir/home/dev/ws/pico-sdk/src/common/pico_sync/sem.c.o
                0x20000110                sem_acquire_block_until
 .time_critical.sem_release
                0x20000174       0x5c CMakeFiles/blink.dir/home/dev/ws/pico-sdk/src/common/pico_sync/sem.c.o
                0x20000174                sem_release
 .time_critical.recursive_mutex_enter_blocking
                0x200001d0       0x8c CMakeFiles/blink.dir/home/dev/ws/pico-sdk/src/common/pico_sync/mutex.c.o
                0x200001d0                recursive_mutex_enter_blocking
 .time_critical.recursive_mutex_try_enter
                0x2000025c       0x58 CMakeFiles/blink.dir/home/dev/ws/pico-sdk/src/common/pico_sync/mutex.c.o
                0x2000025c                recursive_mutex_try_enter
 .time_critical.mutex_enter_block_until
                0x200002b4       0x70 CMakeFiles/blink.dir/home/dev/ws/pico-sdk/src/common/pico_sync/mutex.c.o
                0x200002b4                mutex_enter_block_until
 .time_critical.mutex_try_enter_block_until
                0x20000324       0x6c CMakeFiles/blink.dir/home/dev/ws/pico-sdk/src/common/pico_sync/mutex.c.o
                0x20000324                mutex_try_enter_block_until
 .time_critical.mutex_exit
                0x20000390       0x3c CMakeFiles/blink.dir/home/dev/ws/pico-sdk/src/common/pico_sync/mutex.c.o
                0x20000390                mutex_exit
 .time_critical.recursive_mutex_exit
                0x200003cc       0x50 CMakeFiles/blink.dir/home/dev/ws/pico-sdk/src/common/pico_sync/mutex.c.o
                0x200003cc                recursive_mutex_exit
 *(.text*)
 .text          0x2000041c       0x30 /usr/lib/gcc/arm-none-eabi/13.2.1/thumb/v8-m.main+fp/softfp/libgcc.a(_aeabi_uldivmod.o)
                0x2000041c                __aeabi_uldivmod
 .text          0x2000044c      0x300 /usr/lib/gcc/arm-none-eabi/13.2.1/thumb/v8-m.main+fp/softfp/libgcc.a(_udivmoddi4.o)
                0x2000044c                __udivmoddi4
 .text          0x2000074c        0x4 /usr/lib/gcc/arm-none-eabi/13.2.1/thumb/v8-m.main+fp/softfp/libgcc.a(_dvmd_tls.o)
                0x2000074c                __aeabi_ldiv0
                0x2000074c                __aeabi_idiv0
 .text.__stub   0x20000750        0x8 linker stubs
                0x20000758                        . = ALIGN (0x4)
 *(.rodata*)
                0x20000758                        . = ALIGN (0x4)
 *(.data*)
 .data.striped_spin_lock_num
                0x20000758        0x1 CMakeFiles/blink.dir/home/dev/ws/pico-sdk/src/rp2_common/hardware_sync/sync.c.o
 *fill*         0x20000759        0x3 
 .data          0x2000075c       0x48 CMakeFiles/blink.dir/home/dev/ws/pico-sdk/src/rp2_common/hardware_irq/irq_handler_chain.S.o
                0x2000075c                irq_handler_chain_slots
                0x2000078c                irq_handler_chain_first_slot
                0x20000796                irq_handler_chain_remove_tail
 .data.default_alarm_pool
                0x200007a4       0x18 CMakeFiles/blink.dir/home/dev/ws/pico-sdk/src/common/pico_time/time.c.o
 .data.cyw43_poll_worker
                0x200007bc       0x10 CMakeFiles/blink.dir/home/dev/ws/pico-sdk/src/rp2_common/pico_cyw43_driver/cyw43_driver.c.o
 *fill*         0x200007cc        0x4 
 .data.sleep_timeout_worker
                0x200007d0       0x18 CMakeFiles/blink.dir/home/dev/ws/pico-sdk/src/rp2_common/pico_cyw43_driver/cyw43_driver.c.o
 *(.sdata*)
                0x200007e8                        . = ALIGN (0x4)
 *(.after_data.*)
                0x200007e8                        . = ALIGN (0x4)
                0x200007e8                        PROVIDE (__mutex_array_start = .)
 *(SORT_BY_NAME(.mutex_array.*))
 *(.mutex_array)
 .mutex_array   0x200007e8        0x8 CMakeFiles/blink.dir/home/dev/ws/pico-sdk/src/rp2_common/pico_stdio/stdio.c.o
                0x200007f0                        PROVIDE (__mutex_array_end = .)
 *(.jcr)
                0x200007f0                        . = ALIGN (0x4)

.tm_clone_table
                0x200007f0        0x0 load address 0x1003f3bc
 .tm_clone_table
                0x200007f0        0x0 /usr/lib/gcc/arm-none-eabi/13.2.1/thumb/v8-m.main+fp/softfp/crtbegin.o
 .tm_clone_table
                0x200007f0        0x0 /usr/lib/gcc/arm-none-eabi/13.2.1/thumb/v8-m.main+fp/softfp/crtend.o

.igot.plt       0x200007f0        0x0 load address 0x1003f3bc
 .igot.plt      0x200007f0        0x0 /usr/lib/gcc/arm-none-eabi/13.2.1/thumb/v8-m.main+fp/softfp/crtbegin.o

.tdata          0x200007f0        0x0 load address 0x1003f3bc
                0x200007f0                        . = ALIGN (0x4)
 *(.tdata .tdata.* .gnu.linkonce.td.*)
                0x200007f0                        __tdata_end = .
                0x200007f0                        PROVIDE (__data_end__ = .)
                0x1003ecdc                        __etext = LOADADDR (.data)

.tbss           0x200007f0        0x0 load address 0x1003f3bc
                0x200007f0                        . = ALIGN (0x4)
                0x200007f0                        __bss_start__ = .
                0x200007f0                        __tls_base = .
 *(.tbss .tbss.* .gnu.linkonce.tb.*)
 *(.tcommon)
                0x200007f0                        __tls_end = .

.bss            0x200007f0      0xd30 load address 0x1003f3bc
                0x200007f0                        . = ALIGN (0x4)
                0x200007f0                        __tbss_end = .
 *(SORT_BY_ALIGNMENT(SORT_BY_NAME(.bss*)))
 .bss.cyw43_async_context_threadsafe_background
                0x200007f0       0x48 CMakeFiles/blink.dir/home/dev/ws/pico-sdk/src/rp2_common/pico_cyw43_arch/cyw43_arch_threadsafe_background.c.o
 .bss.default_alarm_pool_entries
                0x20000838      0x180 CMakeFiles/blink.dir/home/dev/ws/pico-sdk/src/common/pico_time/time.c.o
 .bss           0x200009b8       0x1c /usr/lib/gcc/arm-none-eabi/13.2.1/thumb/v8-m.main+fp/softfp/crtbegin.o
 .bss           0x200009d4      0x190 /usr/lib/gcc/arm-none-eabi/13.2.1/../../../arm-none-eabi/lib/thumb/v8-m.main+fp/softfp/libg.a(libc_a-__atexit.o)
                0x200009d4                __atexit0
 .bss           0x20000b64        0x4 /usr/lib/gcc/arm-none-eabi/13.2.1/../../../arm-none-eabi/lib/thumb/v8-m.main+fp/softfp/libg.a(libc_a-__call_atexit.o)
                0x20000b64                __atexit
 .bss._sw_spin_locks
                0x20000b68       0x20 CMakeFiles/blink.dir/home/dev/ws/pico-sdk/src/rp2_common/hardware_sync_spin_lock/sync_spin_lock.c.o
                0x20000b68                _sw_spin_locks
 .bss._used_instruction_space
                0x20000b88        0xc CMakeFiles/blink.dir/home/dev/ws/pico-sdk/src/rp2_common/hardware_pio/pio.c.o
 .bss.async_context
                0x20000b94        0x4 CMakeFiles/blink.dir/home/dev/ws/pico-sdk/src/rp2_common/pico_cyw43_arch/cyw43_arch.c.o
 .bss.async_contexts_by_user_irq
                0x20000b98       0x18 CMakeFiles/blink.dir/home/dev/ws/pico-sdk/src/rp2_common/pico_async_context/async_context_threadsafe_background.c.o
 .bss.bus_data_instance
                0x20000bb0       0x10 CMakeFiles/blink.dir/home/dev/ws/pico-sdk/src/rp2_common/pico_cyw43_driver/cyw43_bus_pio_spi.c.o
 .bss.claimed   0x20000bc0        0x2 CMakeFiles/blink.dir/home/dev/ws/pico-sdk/src/rp2_common/hardware_timer/timer.c.o
 *fill*         0x20000bc2        0x2 
 .bss.claimed   0x20000bc4        0x2 CMakeFiles/blink.dir/home/dev/ws/pico-sdk/src/rp2_common/hardware_pio/pio.c.o
 *fill*         0x20000bc6        0x2 
 .bss.configured_freq
                0x20000bc8       0x28 CMakeFiles/blink.dir/home/dev/ws/pico-sdk/src/rp2_common/hardware_clocks/clocks.c.o
 .bss.cyw43_async_context
                0x20000bf0        0x4 CMakeFiles/blink.dir/home/dev/ws/pico-sdk/src/rp2_common/pico_cyw43_driver/cyw43_driver.c.o
 .bss.cyw43_poll
                0x20000bf4        0x4 CMakeFiles/blink.dir/home/dev/ws/pico-sdk/lib/cyw43-driver/src/cyw43_ctrl.c.o
                0x20000bf4                cyw43_poll
 .bss.cyw43_sleep
                0x20000bf8        0x4 CMakeFiles/blink.dir/home/dev/ws/pico-sdk/lib/cyw43-driver/src/cyw43_ctrl.c.o
                0x20000bf8                cyw43_sleep
 .bss.cyw43_state
                0x20000bfc      0x8dc CMakeFiles/blink.dir/home/dev/ws/pico-sdk/lib/cyw43-driver/src/cyw43_ctrl.c.o
                0x20000bfc                cyw43_state
 .bss.drivers   0x200014d8        0x4 CMakeFiles/blink.dir/home/dev/ws/pico-sdk/src/rp2_common/pico_stdio/stdio.c.o
 .bss.filter    0x200014dc        0x4 CMakeFiles/blink.dir/home/dev/ws/pico-sdk/src/rp2_common/pico_stdio/stdio.c.o
 .bss.lazy_vsnprintf
                0x200014e0        0x4 CMakeFiles/blink.dir/home/dev/ws/pico-sdk/src/rp2_common/pico_printf/printf.c.o
 .bss.pools     0x200014e4       0x20 CMakeFiles/blink.dir/home/dev/ws/pico-sdk/src/common/pico_time/time.c.o
 .bss.raw_irq_mask
                0x20001504        0x8 CMakeFiles/blink.dir/home/dev/ws/pico-sdk/src/rp2_common/hardware_gpio/gpio.c.o
 .bss.retrieved_id
                0x2000150c        0x8 CMakeFiles/blink.dir/home/dev/ws/pico-sdk/src/rp2_common/pico_unique_id/unique_id.c.o
 .bss.sleep_notifier
                0x20001514        0x4 CMakeFiles/blink.dir/home/dev/ws/pico-sdk/src/common/pico_time/time.c.o
 .bss._claimed  0x20001518        0x2 CMakeFiles/blink.dir/home/dev/ws/pico-sdk/src/rp2_common/hardware_dma/dma.c.o
 .bss.last_spi_int.0
                0x2000151a        0x2 CMakeFiles/blink.dir/home/dev/ws/pico-sdk/lib/cyw43-driver/src/cyw43_ll.c.o
 .bss.irq_handler_chain_free_slot_head
                0x2000151c        0x1 CMakeFiles/blink.dir/home/dev/ws/pico-sdk/src/rp2_common/hardware_irq/irq.c.o
 .bss.user_irq_claimed
                0x2000151d        0x1 CMakeFiles/blink.dir/home/dev/ws/pico-sdk/src/rp2_common/hardware_irq/irq.c.o
 *(COMMON)
                [!provide]                        PROVIDE (__global_pointer$ = (. + 0x800))
 *(.sbss*)
                0x20001520                        . = ALIGN (0x4)
 *fill*         0x2000151e        0x2 
                0x20001520                        __bss_end__ = .

.heap           0x20001520      0x800 load address 0x1003f3bc
                0x20001520                        __end__ = .
                0x20001520                        end = __end__
 *(.heap*)
 .heap          0x20001520      0x800 CMakeFiles/blink.dir/home/dev/ws/pico-sdk/src/rp2_common/pico_crt0/crt0.S.o
                0x20080000                        __HeapLimit = (ORIGIN (RAM) + LENGTH (RAM))

.scratch_x      0x20080000        0x0 load address 0x1003f3bc
                0x20080000                        __scratch_x_start__ = .
 *(.scratch_x.*)
                0x20080000                        . = ALIGN (0x4)
                0x20080000                        __scratch_x_end__ = .
                0x1003f3bc                        __scratch_x_source__ = LOADADDR (.scratch_x)

.scratch_y      0x20081000        0x0 load address 0x1003f3bc
                0x20081000                        __scratch_y_start__ = .
 *(.scratch_y.*)
                0x20081000                        . = ALIGN (0x4)
                0x20081000                        __scratch_y_end__ = .
                0x1003f3bc                        __scratch_y_source__ = LOADADDR (.scratch_y)

.stack1_dummy
 *(.stack1*)

.stack_dummy    0x20081000      0x800
 *(.stack*)
 .stack         0x20081000      0x800 CMakeFiles/blink.dir/home/dev/ws/pico-sdk/src/rp2_common/pico_crt0/crt0.S.o

.flash_end      0x1003f3bc       0x14
 *(.embedded_end_block*)
 .embedded_end_block
                0x1003f3bc       0x14 CMakeFiles/blink.dir/home/dev/ws/pico-sdk/src/rp2_common/pico_crt0/crt0.S.o
                0x1003f3d0                        PROVIDE (__flash_binary_end = .)
                0x20080000                        __StackLimit = (ORIGIN (RAM) + LENGTH (RAM))
                0x20081000                        __StackOneTop = (ORIGIN (SCRATCH_X) + LENGTH (SCRATCH_X))
                0x20082000                        __StackTop = (ORIGIN (SCRATCH_Y) + LENGTH (SCRATCH_Y))
                0x20081000                        __StackOneBottom = (__StackOneTop - SIZEOF (.stack1_dummy))
                0x20081800                        __StackBottom = (__StackTop - SIZEOF (.stack_dummy))
                0x20082000                        PROVIDE (__stack = __StackTop)
                [!provide]                        PROVIDE (__heap_start = __end__)
                [!provide]                        PROVIDE (__heap_end = __HeapLimit)
                [!provide]                        PROVIDE (__tls_align = MAX (ALIGNOF (.tdata), ALIGNOF (.tbss)))
                [!provide]                        PROVIDE (__tls_size_align = (((__tls_size + __tls_align) - 0x1) & ~ ((__tls_align - 0x1))))
                [!provide]                        PROVIDE (__arm32_tls_tcb_offset = MAX (0x8, __tls_align))
                [!provide]                        PROVIDE (_end = __end__)
                [!provide]                        PROVIDE (__llvm_libc_heap_limit = __HeapLimit)
                0x00000001                        ASSERT ((__StackLimit >= __HeapLimit), region RAM overflowed)
                0x00000001                        ASSERT (((__binary_info_header_end - __logical_binary_start) <= 0x400), Binary info must be in first 1024 bytes of the binary)
                0x00000001                        ASSERT (((__embedded_block_end - __logical_binary_start) <= 0x1000), Embedded block must be in first 4096 bytes of the binary)
LOAD CMakeFiles/blink.dir/src/blink.c.o
LOAD CMakeFiles/blink.dir/home/dev/ws/pico-sdk/src/rp2_common/pico_stdlib/stdlib.c.o
LOAD CMakeFiles/blink.dir/home/dev/ws/pico-sdk/src/rp2_common/hardware_gpio/gpio.c.o
LOAD CMakeFiles/blink.dir/home/dev/ws/pico-sdk/src/rp2350/pico_platform/platform.c.o
LOAD CMakeFiles/blink.dir/home/dev/ws/pico-sdk/src/rp2_common/pico_platform_common/common.c.o
LOAD CMakeFiles/blink.dir/home/dev/ws/pico-sdk/src/rp2_common/pico_platform_panic/panic.c.o
LOAD CMakeFiles/blink.dir/home/dev/ws/pico-sdk/src/common/hardware_claim/claim.c.o
LOAD CMakeFiles/blink.dir/home/dev/ws/pico-sdk/src/rp2_common/hardware_sync/sync.c.o
LOAD CMakeFiles/blink.dir/home/dev/ws/pico-sdk/src/rp2_common/hardware_sync_spin_lock/sync_spin_lock.c.o
LOAD CMakeFiles/blink.dir/home/dev/ws/pico-sdk/src/rp2_common/hardware_irq/irq.c.o
LOAD CMakeFiles/blink.dir/home/dev/ws/pico-sdk/src/rp2_common/hardware_irq/irq_handler_chain.S.o
LOAD CMakeFiles/blink.dir/home/dev/ws/pico-sdk/src/common/pico_sync/sem.c.o
LOAD CMakeFiles/blink.dir/home/dev/ws/pico-sdk/src/common/pico_sync/lock_core.c.o
LOAD CMakeFiles/blink.dir/home/dev/ws/pico-sdk/src/common/pico_sync/mutex.c.o
LOAD CMakeFiles/blink.dir/home/dev/ws/pico-sdk/src/common/pico_sync/critical_section.c.o
LOAD CMakeFiles/blink.dir/home/dev/ws/pico-sdk/src/common/pico_time/time.c.o
LOAD CMakeFiles/blink.dir/home/dev/ws/pico-sdk/src/common/pico_time/timeout_helper.c.o
LOAD CMakeFiles/blink.dir/home/dev/ws/pico-sdk/src/rp2_common/hardware_timer/timer.c.o
LOAD CMakeFiles/blink.dir/home/dev/ws/pico-sdk/src/common/pico_util/datetime.c.o
LOAD CMakeFiles/blink.dir/home/dev/ws/pico-sdk/src/common/pico_util/pheap.c.o
LOAD CMakeFiles/blink.dir/home/dev/ws/pico-sdk/src/common/pico_util/queue.c.o
LOAD CMakeFiles/blink.dir/home/dev/ws/pico-sdk/src/rp2_common/hardware_uart/uart.c.o
LOAD CMakeFiles/blink.dir/home/dev/ws/pico-sdk/src/rp2_common/hardware_clocks/clocks.c.o
LOAD CMakeFiles/blink.dir/home/dev/ws/pico-sdk/src/rp2_common/hardware_pll/pll.c.o
LOAD CMakeFiles/blink.dir/home/dev/ws/pico-sdk/src/rp2_common/hardware_vreg/vreg.c.o
LOAD CMakeFiles/blink.dir/home/dev/ws/pico-sdk/src/rp2_common/hardware_watchdog/watchdog.c.o
LOAD CMakeFiles/blink.dir/home/dev/ws/pico-sdk/src/rp2_common/hardware_ticks/ticks.c.o
LOAD CMakeFiles/blink.dir/home/dev/ws/pico-sdk/src/rp2_common/pico_bootrom/bootrom.c.o
LOAD CMakeFiles/blink.dir/home/dev/ws/pico-sdk/src/rp2_common/pico_bootrom/bootrom_lock.c.o
LOAD CMakeFiles/blink.dir/home/dev/ws/pico-sdk/src/rp2_common/hardware_boot_lock/boot_lock.c.o
LOAD CMakeFiles/blink.dir/home/dev/ws/pico-sdk/src/rp2_common/pico_flash/flash.c.o
LOAD CMakeFiles/blink.dir/home/dev/ws/pico-sdk/src/rp2_common/hardware_xosc/xosc.c.o
LOAD CMakeFiles/blink.dir/home/dev/ws/pico-sdk/src/rp2_common/hardware_divider/divider.c.o
LOAD CMakeFiles/blink.dir/home/dev/ws/pico-sdk/src/rp2_common/pico_runtime/runtime.c.o
LOAD CMakeFiles/blink.dir/home/dev/ws/pico-sdk/src/rp2_common/pico_runtime_init/runtime_init.c.o
LOAD CMakeFiles/blink.dir/home/dev/ws/pico-sdk/src/rp2_common/pico_runtime_init/runtime_init_clocks.c.o
LOAD CMakeFiles/blink.dir/home/dev/ws/pico-sdk/src/rp2_common/pico_runtime_init/runtime_init_stack_guard.c.o
LOAD CMakeFiles/blink.dir/home/dev/ws/pico-sdk/src/rp2_common/pico_bit_ops/bit_ops_aeabi.S.o
LOAD CMakeFiles/blink.dir/home/dev/ws/pico-sdk/src/rp2_common/pico_divider/divider_compiler.c.o
LOAD CMakeFiles/blink.dir/home/dev/ws/pico-sdk/src/rp2_common/pico_double/double_math.c.o
LOAD CMakeFiles/blink.dir/home/dev/ws/pico-sdk/src/rp2_common/pico_double/double_aeabi_dcp.S.o
LOAD CMakeFiles/blink.dir/home/dev/ws/pico-sdk/src/rp2_common/pico_double/double_fma_dcp.S.o
LOAD CMakeFiles/blink.dir/home/dev/ws/pico-sdk/src/rp2_common/pico_double/double_sci_m33.S.o
LOAD CMakeFiles/blink.dir/home/dev/ws/pico-sdk/src/rp2_common/pico_double/double_conv_m33.S.o
LOAD CMakeFiles/blink.dir/home/dev/ws/pico-sdk/src/rp2_common/pico_float/float_math.c.o
LOAD CMakeFiles/blink.dir/home/dev/ws/pico-sdk/src/rp2_common/pico_float/float_conv32_vfp.S.o
LOAD CMakeFiles/blink.dir/home/dev/ws/pico-sdk/src/rp2_common/pico_float/float_common_m33.S.o
LOAD CMakeFiles/blink.dir/home/dev/ws/pico-sdk/src/rp2_common/pico_float/float_sci_m33_vfp.S.o
LOAD CMakeFiles/blink.dir/home/dev/ws/pico-sdk/src/rp2_common/pico_malloc/malloc.c.o
LOAD CMakeFiles/blink.dir/home/dev/ws/pico-sdk/src/rp2_common/pico_atomic/atomic.c.o
LOAD CMakeFiles/blink.dir/home/dev/ws/pico-sdk/src/rp2_common/pico_cxx_options/new_delete.cpp.o
LOAD CMakeFiles/blink.dir/home/dev/ws/pico-sdk/src/rp2_common/pico_standard_binary_info/standard_binary_info.c.o
LOAD CMakeFiles/blink.dir/home/dev/ws/pico-sdk/src/rp2_common/pico_printf/printf.c.o
LOAD CMakeFiles/blink.dir/home/dev/ws/pico-sdk/src/rp2_common/pico_crt0/crt0.S.o
LOAD CMakeFiles/blink.dir/home/dev/ws/pico-sdk/src/rp2_common/pico_clib_interface/newlib_interface.c.o
LOAD CMakeFiles/blink.dir/home/dev/ws/pico-sdk/src/rp2_common/pico_stdio/stdio.c.o
LOAD CMakeFiles/blink.dir/home/dev/ws/pico-sdk/src/rp2_common/pico_stdio_uart/stdio_uart.c.o
LOAD CMakeFiles/blink.dir/home/dev/ws/pico-sdk/src/rp2_common/pico_cyw43_arch/cyw43_arch.c.o
LOAD CMakeFiles/blink.dir/home/dev/ws/pico-sdk/src/rp2_common/pico_cyw43_arch/cyw43_arch_poll.c.o
LOAD CMakeFiles/blink.dir/home/dev/ws/pico-sdk/src/rp2_common/pico_cyw43_arch/cyw43_arch_threadsafe_background.c.o
LOAD CMakeFiles/blink.dir/home/dev/ws/pico-sdk/src/rp2_common/pico_cyw43_arch/cyw43_arch_freertos.c.o
LOAD CMakeFiles/blink.dir/home/dev/ws/pico-sdk/src/rp2_common/pico_unique_id/unique_id.c.o
LOAD CMakeFiles/blink.dir/home/dev/ws/pico-sdk/src/rp2_common/hardware_flash/flash.c.o
LOAD CMakeFiles/blink.dir/home/dev/ws/pico-sdk/src/rp2_common/hardware_xip_cache/xip_cache.c.o
LOAD CMakeFiles/blink.dir/home/dev/ws/pico-sdk/src/rp2_common/pico_cyw43_driver/cyw43_bus_pio_spi.c.o
LOAD CMakeFiles/blink.dir/home/dev/ws/pico-sdk/lib/cyw43-driver/src/cyw43_ll.c.o
LOAD CMakeFiles/blink.dir/home/dev/ws/pico-sdk/lib/cyw43-driver/src/cyw43_stats.c.o
LOAD CMakeFiles/blink.dir/home/dev/ws/pico-sdk/lib/cyw43-driver/src/cyw43_lwip.c.o
LOAD CMakeFiles/blink.dir/home/dev/ws/pico-sdk/lib/cyw43-driver/src/cyw43_ctrl.c.o
LOAD CMakeFiles/blink.dir/home/dev/ws/pico-sdk/src/rp2_common/pico_cyw43_driver/cybt_shared_bus/cybt_shared_bus.c.o
LOAD CMakeFiles/blink.dir/home/dev/ws/pico-sdk/src/rp2_common/pico_cyw43_driver/cybt_shared_bus/cybt_shared_bus_driver.c.o
LOAD CMakeFiles/blink.dir/home/dev/ws/pico-sdk/src/rp2_common/hardware_pio/pio.c.o
LOAD CMakeFiles/blink.dir/home/dev/ws/pico-sdk/src/rp2_common/hardware_dma/dma.c.o
LOAD CMakeFiles/blink.dir/home/dev/ws/pico-sdk/src/rp2_common/hardware_exception/exception.c.o
LOAD CMakeFiles/blink.dir/home/dev/ws/pico-sdk/src/rp2_common/pico_cyw43_driver/cyw43_driver.c.o
LOAD CMakeFiles/blink.dir/home/dev/ws/pico-sdk/src/rp2_common/pico_async_context/async_context_threadsafe_background.c.o
LOAD CMakeFiles/blink.dir/home/dev/ws/pico-sdk/src/rp2_common/pico_async_context/async_context_base.c.o
LOAD ../pico-sdk/src/rp2350/boot_stage2/CMakeFiles/bs2_default_library.dir/bs2_default_padded_checksummed.S.o
LOAD /usr/lib/gcc/arm-none-eabi/13.2.1/../../../arm-none-eabi/lib/thumb/v8-m.main+fp/softfp/libstdc++.a
LOAD /usr/lib/gcc/arm-none-eabi/13.2.1/../../../arm-none-eabi/lib/thumb/v8-m.main+fp/softfp/libm.a
START GROUP
LOAD /usr/lib/gcc/arm-none-eabi/13.2.1/thumb/v8-m.main+fp/softfp/libgcc.a
LOAD /usr/lib/gcc/arm-none-eabi/13.2.1/../../../arm-none-eabi/lib/thumb/v8-m.main+fp/softfp/libg.a
LOAD /usr/lib/gcc/arm-none-eabi/13.2.1/../../../arm-none-eabi/lib/thumb/v8-m.main+fp/softfp/libc.a
END GROUP
START GROUP
LOAD /usr/lib/gcc/arm-none-eabi/13.2.1/thumb/v8-m.main+fp/softfp/libgcc.a
LOAD /usr/lib/gcc/arm-none-eabi/13.2.1/../../../arm-none-eabi/lib/thumb/v8-m.main+fp/softfp/libc.a
LOAD /usr/lib/gcc/arm-none-eabi/13.2.1/../../../arm-none-eabi/lib/thumb/v8-m.main+fp/softfp/libnosys.a
END GROUP
LOAD /usr/lib/gcc/arm-none-eabi/13.2.1/thumb/v8-m.main+fp/softfp/crtend.o
LOAD /usr/lib/gcc/arm-none-eabi/13.2.1/thumb/v8-m.main+fp/softfp/crtn.o
OUTPUT(blink.elf elf32-littlearm)
LOAD linker stubs

.rel.dyn        0x1003f3d0        0x0
 .rel.iplt      0x1003f3d0        0x0 /usr/lib/gcc/arm-none-eabi/13.2.1/thumb/v8-m.main+fp/softfp/crtbegin.o

.ARM.attributes
                0x00000000       0x34
 .ARM.attributes
                0x00000000       0x26 /usr/lib/gcc/arm-none-eabi/13.2.1/thumb/v8-m.main+fp/softfp/crti.o
 .ARM.attributes
                0x00000026       0x36 /usr/lib/gcc/arm-none-eabi/13.2.1/thumb/v8-m.main+fp/softfp/crtbegin.o
 .ARM.attributes
                0x0000005c       0x38 CMakeFiles/blink.dir/src/blink.c.o
 .ARM.attributes
                0x00000094       0x38 CMakeFiles/blink.dir/home/dev/ws/pico-sdk/src/rp2_common/hardware_gpio/gpio.c.o
 .ARM.attributes
                0x000000cc       0x38 CMakeFiles/blink.dir/home/dev/ws/pico-sdk/src/rp2_common/pico_platform_panic/panic.c.o
 .ARM.attributes
                0x00000104       0x38 CMakeFiles/blink.dir/home/dev/ws/pico-sdk/src/common/hardware_claim/claim.c.o
 .ARM.attributes
                0x0000013c       0x38 CMakeFiles/blink.dir/home/dev/ws/pico-sdk/src/rp2_common/hardware_sync/sync.c.o
 .ARM.attributes
                0x00000174       0x38 CMakeFiles/blink.dir/home/dev/ws/pico-sdk/src/rp2_common/hardware_sync_spin_lock/sync_spin_lock.c.o
 .ARM.attributes
                0x000001ac       0x38 CMakeFiles/blink.dir/home/dev/ws/pico-sdk/src/rp2_common/hardware_irq/irq.c.o
 .ARM.attributes
                0x000001e4       0x28 CMakeFiles/blink.dir/home/dev/ws/pico-sdk/src/rp2_common/hardware_irq/irq_handler_chain.S.o
 .ARM.attributes
                0x0000020c       0x38 CMakeFiles/blink.dir/home/dev/ws/pico-sdk/src/common/pico_sync/sem.c.o
 .ARM.attributes
                0x00000244       0x38 CMakeFiles/blink.dir/home/dev/ws/pico-sdk/src/common/pico_sync/lock_core.c.o
 .ARM.attributes
                0x0000027c       0x38 CMakeFiles/blink.dir/home/dev/ws/pico-sdk/src/common/pico_sync/mutex.c.o
 .ARM.attributes
                0x000002b4       0x38 CMakeFiles/blink.dir/home/dev/ws/pico-sdk/src/common/pico_time/time.c.o
 .ARM.attributes
                0x000002ec       0x38 CMakeFiles/blink.dir/home/dev/ws/pico-sdk/src/rp2_common/hardware_timer/timer.c.o
 .ARM.attributes
                0x00000324       0x38 CMakeFiles/blink.dir/home/dev/ws/pico-sdk/src/rp2_common/hardware_clocks/clocks.c.o
 .ARM.attributes
                0x0000035c       0x38 CMakeFiles/blink.dir/home/dev/ws/pico-sdk/src/rp2_common/hardware_pll/pll.c.o
 .ARM.attributes
                0x00000394       0x38 CMakeFiles/blink.dir/home/dev/ws/pico-sdk/src/rp2_common/hardware_ticks/ticks.c.o
 .ARM.attributes
                0x000003cc       0x38 CMakeFiles/blink.dir/home/dev/ws/pico-sdk/src/rp2_common/pico_bootrom/bootrom.c.o
 .ARM.attributes
                0x00000404       0x38 CMakeFiles/blink.dir/home/dev/ws/pico-sdk/src/rp2_common/pico_bootrom/bootrom_lock.c.o
 .ARM.attributes
                0x0000043c       0x38 CMakeFiles/blink.dir/home/dev/ws/pico-sdk/src/rp2_common/hardware_boot_lock/boot_lock.c.o
 .ARM.attributes
                0x00000474       0x38 CMakeFiles/blink.dir/home/dev/ws/pico-sdk/src/rp2_common/hardware_xosc/xosc.c.o
 .ARM.attributes
                0x000004ac       0x38 CMakeFiles/blink.dir/home/dev/ws/pico-sdk/src/rp2_common/pico_runtime/runtime.c.o
 .ARM.attributes
                0x000004e4       0x38 CMakeFiles/blink.dir/home/dev/ws/pico-sdk/src/rp2_common/pico_runtime_init/runtime_init.c.o
 .ARM.attributes
                0x0000051c       0x38 CMakeFiles/blink.dir/home/dev/ws/pico-sdk/src/rp2_common/pico_runtime_init/runtime_init_clocks.c.o
 .ARM.attributes
                0x00000554       0x28 CMakeFiles/blink.dir/home/dev/ws/pico-sdk/src/rp2_common/pico_double/double_aeabi_dcp.S.o
 .ARM.attributes
                0x0000057c       0x38 CMakeFiles/blink.dir/home/dev/ws/pico-sdk/src/rp2_common/pico_standard_binary_info/standard_binary_info.c.o
 .ARM.attributes
                0x000005b4       0x38 CMakeFiles/blink.dir/home/dev/ws/pico-sdk/src/rp2_common/pico_printf/printf.c.o
 .ARM.attributes
                0x000005ec       0x28 CMakeFiles/blink.dir/home/dev/ws/pico-sdk/src/rp2_common/pico_crt0/crt0.S.o
 .ARM.attributes
                0x00000614       0x38 CMakeFiles/blink.dir/home/dev/ws/pico-sdk/src/rp2_common/pico_clib_interface/newlib_interface.c.o
 .ARM.attributes
                0x0000064c       0x38 CMakeFiles/blink.dir/home/dev/ws/pico-sdk/src/rp2_common/pico_stdio/stdio.c.o
 .ARM.attributes
                0x00000684       0x38 CMakeFiles/blink.dir/home/dev/ws/pico-sdk/src/rp2_common/pico_cyw43_arch/cyw43_arch.c.o
 .ARM.attributes
                0x000006bc       0x38 CMakeFiles/blink.dir/home/dev/ws/pico-sdk/src/rp2_common/pico_cyw43_arch/cyw43_arch_threadsafe_background.c.o
 .ARM.attributes
                0x000006f4       0x38 CMakeFiles/blink.dir/home/dev/ws/pico-sdk/src/rp2_common/pico_unique_id/unique_id.c.o
 .ARM.attributes
                0x0000072c       0x38 CMakeFiles/blink.dir/home/dev/ws/pico-sdk/src/rp2_common/pico_cyw43_driver/cyw43_bus_pio_spi.c.o
 .ARM.attributes
                0x00000764       0x38 CMakeFiles/blink.dir/home/dev/ws/pico-sdk/lib/cyw43-driver/src/cyw43_ll.c.o
 .ARM.attributes
                0x0000079c       0x38 CMakeFiles/blink.dir/home/dev/ws/pico-sdk/lib/cyw43-driver/src/cyw43_ctrl.c.o
 .ARM.attributes
                0x000007d4       0x38 CMakeFiles/blink.dir/home/dev/ws/pico-sdk/src/rp2_common/hardware_pio/pio.c.o
 .ARM.attributes
                0x0000080c       0x38 CMakeFiles/blink.dir/home/dev/ws/pico-sdk/src/rp2_common/hardware_dma/dma.c.o
 .ARM.attributes
                0x00000844       0x38 CMakeFiles/blink.dir/home/dev/ws/pico-sdk/src/rp2_common/pico_cyw43_driver/cyw43_driver.c.o
 .ARM.attributes
                0x0000087c       0x38 CMakeFiles/blink.dir/home/dev/ws/pico-sdk/src/rp2_common/pico_async_context/async_context_threadsafe_background.c.o
 .ARM.attributes
                0x000008b4       0x38 CMakeFiles/blink.dir/home/dev/ws/pico-sdk/src/rp2_common/pico_async_context/async_context_base.c.o
 .ARM.attributes
                0x000008ec       0x26 /usr/lib/gcc/arm-none-eabi/13.2.1/thumb/v8-m.main+fp/softfp/libgcc.a(_aeabi_uldivmod.o)
 .ARM.attributes
                0x00000912       0x36 /usr/lib/gcc/arm-none-eabi/13.2.1/thumb/v8-m.main+fp/softfp/libgcc.a(_udivmoddi4.o)
 .ARM.attributes
                0x00000948       0x26 /usr/lib/gcc/arm-none-eabi/13.2.1/thumb/v8-m.main+fp/softfp/libgcc.a(_dvmd_tls.o)
 .ARM.attributes
                0x0000096e       0x36 /usr/lib/gcc/arm-none-eabi/13.2.1/../../../arm-none-eabi/lib/thumb/v8-m.main+fp/softfp/libg.a(libc_a-memset.o)
 .ARM.attributes
                0x000009a4       0x36 /usr/lib/gcc/arm-none-eabi/13.2.1/../../../arm-none-eabi/lib/thumb/v8-m.main+fp/softfp/libg.a(libc_a-strncmp.o)
 .ARM.attributes
                0x000009da       0x36 /usr/lib/gcc/arm-none-eabi/13.2.1/../../../arm-none-eabi/lib/thumb/v8-m.main+fp/softfp/libg.a(libc_a-memmove.o)
 .ARM.attributes
                0x00000a10       0x24 /usr/lib/gcc/arm-none-eabi/13.2.1/../../../arm-none-eabi/lib/thumb/v8-m.main+fp/softfp/libg.a(libc_a-memcpy.o)
 .ARM.attributes
                0x00000a34       0x36 /usr/lib/gcc/arm-none-eabi/13.2.1/../../../arm-none-eabi/lib/thumb/v8-m.main+fp/softfp/libg.a(libc_a-atexit.o)
 .ARM.attributes
                0x00000a6a       0x36 /usr/lib/gcc/arm-none-eabi/13.2.1/../../../arm-none-eabi/lib/thumb/v8-m.main+fp/softfp/libg.a(libc_a-strlen-stub.o)
 .ARM.attributes
                0x00000aa0       0x36 /usr/lib/gcc/arm-none-eabi/13.2.1/../../../arm-none-eabi/lib/thumb/v8-m.main+fp/softfp/libg.a(libc_a-fini.o)
 .ARM.attributes
                0x00000ad6       0x36 /usr/lib/gcc/arm-none-eabi/13.2.1/../../../arm-none-eabi/lib/thumb/v8-m.main+fp/softfp/libg.a(libc_a-__atexit.o)
 .ARM.attributes
                0x00000b0c       0x36 /usr/lib/gcc/arm-none-eabi/13.2.1/../../../arm-none-eabi/lib/thumb/v8-m.main+fp/softfp/libg.a(libc_a-__call_atexit.o)
 .ARM.attributes
                0x00000b42       0x36 /usr/lib/gcc/arm-none-eabi/13.2.1/thumb/v8-m.main+fp/softfp/crtend.o

.comment        0x00000000       0x26
 .comment       0x00000000       0x26 /usr/lib/gcc/arm-none-eabi/13.2.1/thumb/v8-m.main+fp/softfp/crtbegin.o
                                 0x27 (size before relaxing)
 .comment       0x00000026       0x27 CMakeFiles/blink.dir/src/blink.c.o
 .comment       0x00000026       0x27 CMakeFiles/blink.dir/home/dev/ws/pico-sdk/src/rp2_common/hardware_gpio/gpio.c.o
 .comment       0x00000026       0x27 CMakeFiles/blink.dir/home/dev/ws/pico-sdk/src/rp2_common/pico_platform_panic/panic.c.o
 .comment       0x00000026       0x27 CMakeFiles/blink.dir/home/dev/ws/pico-sdk/src/common/hardware_claim/claim.c.o